test-macos-package	Set up job	ï»¿2025-10-04T19:07:47.5363360Z Current runner version: '2.328.0'
test-macos-package	Set up job	2025-10-04T19:07:47.5378870Z ##[group]Runner Image Provisioner
test-macos-package	Set up job	2025-10-04T19:07:47.5379360Z Hosted Compute Agent
test-macos-package	Set up job	2025-10-04T19:07:47.5379700Z Version: 20251003.420
test-macos-package	Set up job	2025-10-04T19:07:47.5380070Z Commit: 2377dc5bf0f6cca5c863dfc4fa0dabc70e08de87
test-macos-package	Set up job	2025-10-04T19:07:47.5380500Z Build Date: 2025-10-03T16:01:39Z
test-macos-package	Set up job	2025-10-04T19:07:47.5380870Z ##[endgroup]
test-macos-package	Set up job	2025-10-04T19:07:47.5381190Z ##[group]Operating System
test-macos-package	Set up job	2025-10-04T19:07:47.5381620Z macOS
test-macos-package	Set up job	2025-10-04T19:07:47.5381910Z 15.6.1
test-macos-package	Set up job	2025-10-04T19:07:47.5382200Z 24G90
test-macos-package	Set up job	2025-10-04T19:07:47.5382480Z ##[endgroup]
test-macos-package	Set up job	2025-10-04T19:07:47.5382790Z ##[group]Runner Image
test-macos-package	Set up job	2025-10-04T19:07:47.5383110Z Image: macos-15-arm64
test-macos-package	Set up job	2025-10-04T19:07:47.5383420Z Version: 20250928.2397
test-macos-package	Set up job	2025-10-04T19:07:47.5384110Z Included Software: https://github.com/actions/runner-images/blob/macos-15-arm64/20250928.2397/images/macos/macos-15-arm64-Readme.md
test-macos-package	Set up job	2025-10-04T19:07:47.5385040Z Image Release: https://github.com/actions/runner-images/releases/tag/macos-15-arm64%2F20250928.2397
test-macos-package	Set up job	2025-10-04T19:07:47.5385700Z ##[endgroup]
test-macos-package	Set up job	2025-10-04T19:07:47.5387180Z ##[group]GITHUB_TOKEN Permissions
test-macos-package	Set up job	2025-10-04T19:07:47.5388210Z Actions: write
test-macos-package	Set up job	2025-10-04T19:07:47.5388530Z Attestations: write
test-macos-package	Set up job	2025-10-04T19:07:47.5388830Z Checks: write
test-macos-package	Set up job	2025-10-04T19:07:47.5389130Z Contents: write
test-macos-package	Set up job	2025-10-04T19:07:47.5389450Z Deployments: write
test-macos-package	Set up job	2025-10-04T19:07:47.5389770Z Discussions: write
test-macos-package	Set up job	2025-10-04T19:07:47.5390090Z Issues: write
test-macos-package	Set up job	2025-10-04T19:07:47.5390400Z Metadata: read
test-macos-package	Set up job	2025-10-04T19:07:47.5390710Z Models: read
test-macos-package	Set up job	2025-10-04T19:07:47.5391010Z Packages: write
test-macos-package	Set up job	2025-10-04T19:07:47.5391420Z Pages: write
test-macos-package	Set up job	2025-10-04T19:07:47.5391730Z PullRequests: write
test-macos-package	Set up job	2025-10-04T19:07:47.5392070Z RepositoryProjects: write
test-macos-package	Set up job	2025-10-04T19:07:47.5392420Z SecurityEvents: write
test-macos-package	Set up job	2025-10-04T19:07:47.5392790Z Statuses: write
test-macos-package	Set up job	2025-10-04T19:07:47.5393170Z ##[endgroup]
test-macos-package	Set up job	2025-10-04T19:07:47.5394470Z Secret source: Actions
test-macos-package	Set up job	2025-10-04T19:07:47.5394890Z Prepare workflow directory
test-macos-package	Set up job	2025-10-04T19:07:47.5645230Z Prepare all required actions
test-macos-package	Set up job	2025-10-04T19:07:47.5698170Z Getting action download info
test-macos-package	Set up job	2025-10-04T19:07:47.8668460Z Download action repository 'actions/download-artifact@v4' (SHA:d3f86a106a0bac45b974a628896c90dbdf5c8093)
test-macos-package	Set up job	2025-10-04T19:07:49.2219830Z Complete job name: test-macos-package
test-macos-package	Download macOS artifact	ï»¿2025-10-04T19:07:49.2737670Z ##[group]Run actions/download-artifact@v4
test-macos-package	Download macOS artifact	2025-10-04T19:07:49.2738620Z with:
test-macos-package	Download macOS artifact	2025-10-04T19:07:49.2738990Z   name: devildex-macos-bundle
test-macos-package	Download macOS artifact	2025-10-04T19:07:49.2739390Z   path: build/
test-macos-package	Download macOS artifact	2025-10-04T19:07:49.2739730Z   run-id: 18248316474
test-macos-package	Download macOS artifact	2025-10-04T19:07:49.2740430Z   github-token: ***
test-macos-package	Download macOS artifact	2025-10-04T19:07:49.2740830Z   repository: magowiz/devildex
test-macos-package	Download macOS artifact	2025-10-04T19:07:49.2741250Z   merge-multiple: false
test-macos-package	Download macOS artifact	2025-10-04T19:07:49.2741800Z ##[endgroup]
test-macos-package	Download macOS artifact	2025-10-04T19:07:49.9110730Z Downloading single artifact
test-macos-package	Download macOS artifact	2025-10-04T19:07:50.4246830Z Preparing to download the following artifacts:
test-macos-package	Download macOS artifact	2025-10-04T19:07:50.4349420Z - devildex-macos-bundle (ID: 4183104177, Size: 34382058, Expected Digest: sha256:a01141d4a3da8685167a56bd2db57f5d62422f75f3efe3ca6c7650d43f2d2f20)
test-macos-package	Download macOS artifact	2025-10-04T19:07:50.4355040Z Downloading artifact '4183104177' from 'magowiz/devildex'
test-macos-package	Download macOS artifact	2025-10-04T19:07:50.6406190Z Redirecting to blob download url: https://productionresultssa17.blob.core.windows.net/actions-results/61e04901-73d9-4d4f-a9f5-a05333483428/workflow-job-run-dd80c790-b76d-56c3-8839-e438b20a0309/artifacts/1a952fd0784b1ef2354d564a8c6b78b155cc3f3f9c58fcc6a01e6d8f0b1c9389.zip
test-macos-package	Download macOS artifact	2025-10-04T19:07:50.6410330Z Starting download of artifact to: /Users/runner/work/devildex/devildex/build
test-macos-package	Download macOS artifact	2025-10-04T19:07:50.8729340Z (node:1625) [DEP0005] DeprecationWarning: Buffer() is deprecated due to security and usability issues. Please use the Buffer.alloc(), Buffer.allocUnsafe(), or Buffer.from() methods instead.
test-macos-package	Download macOS artifact	2025-10-04T19:07:50.8736520Z (Use `node --trace-deprecation ...` to show where the warning was created)
test-macos-package	Download macOS artifact	2025-10-04T19:07:52.5051250Z SHA256 digest of downloaded artifact is a01141d4a3da8685167a56bd2db57f5d62422f75f3efe3ca6c7650d43f2d2f20
test-macos-package	Download macOS artifact	2025-10-04T19:07:52.5058180Z Artifact download completed successfully.
test-macos-package	Download macOS artifact	2025-10-04T19:07:52.5060030Z Total of 1 artifact(s) downloaded
test-macos-package	Download macOS artifact	2025-10-04T19:07:52.5061390Z Download artifact has finished successfully
test-macos-package	List downloaded files (macOS)	ï»¿2025-10-04T19:07:52.5289500Z ##[group]Run ls -R build/
test-macos-package	List downloaded files (macOS)	2025-10-04T19:07:52.5289970Z [36;1mls -R build/[0m
test-macos-package	List downloaded files (macOS)	2025-10-04T19:07:52.5364310Z shell: /bin/bash -e {0}
test-macos-package	List downloaded files (macOS)	2025-10-04T19:07:52.5364620Z ##[endgroup]
test-macos-package	List downloaded files (macOS)	2025-10-04T19:07:52.5744230Z devildex_macos
test-macos-package	Test Built Application (macOS)	ï»¿2025-10-04T19:07:52.5812710Z ##[group]Run chmod +x ./build/devildex_macos
test-macos-package	Test Built Application (macOS)	2025-10-04T19:07:52.5813210Z [36;1mchmod +x ./build/devildex_macos[0m
test-macos-package	Test Built Application (macOS)	2025-10-04T19:07:52.5813480Z [36;1m./build/devildex_macos &[0m
test-macos-package	Test Built Application (macOS)	2025-10-04T19:07:52.5813730Z [36;1mPID=$![0m
test-macos-package	Test Built Application (macOS)	2025-10-04T19:07:52.5813920Z [36;1msleep 30[0m
test-macos-package	Test Built Application (macOS)	2025-10-04T19:07:52.5814120Z [36;1mif ps -p $PID > /dev/null; then[0m
test-macos-package	Test Built Application (macOS)	2025-10-04T19:07:52.5814380Z [36;1m    kill $PID[0m
test-macos-package	Test Built Application (macOS)	2025-10-04T19:07:52.5814640Z [36;1m    echo "Application remained running for 30 seconds."[0m
test-macos-package	Test Built Application (macOS)	2025-10-04T19:07:52.5815060Z [36;1melse[0m
test-macos-package	Test Built Application (macOS)	2025-10-04T19:07:52.5815320Z [36;1m    echo "Application exited prematurely."[0m
test-macos-package	Test Built Application (macOS)	2025-10-04T19:07:52.5815620Z [36;1m    exit 1[0m
test-macos-package	Test Built Application (macOS)	2025-10-04T19:07:52.5815840Z [36;1mfi[0m
test-macos-package	Test Built Application (macOS)	2025-10-04T19:07:52.5853350Z shell: /bin/bash -e {0}
test-macos-package	Test Built Application (macOS)	2025-10-04T19:07:52.5853640Z ##[endgroup]
test-macos-package	Test Built Application (macOS)	2025-10-04T19:07:53.2859160Z Traceback (most recent call last):
test-macos-package	Test Built Application (macOS)	2025-10-04T19:07:53.2866780Z   File "main.py", line 17, in <module>
test-macos-package	Test Built Application (macOS)	2025-10-04T19:07:53.2867260Z   File "pyimod02_importers.py", line 457, in exec_module
test-macos-package	Test Built Application (macOS)	2025-10-04T19:07:53.2867730Z   File "devildex/core.py", line 16, in <module>
test-macos-package	Test Built Application (macOS)	2025-10-04T19:07:53.2868240Z   File "pyimod02_importers.py", line 457, in exec_module
test-macos-package	Test Built Application (macOS)	2025-10-04T19:07:53.2868750Z   File "devildex/database/__init__.py", line 3, in <module>
test-macos-package	Test Built Application (macOS)	2025-10-04T19:07:53.2869240Z ModuleNotFoundError: No module named 'devildex.database.db_manager'
test-macos-package	Test Built Application (macOS)	2025-10-04T19:07:53.2869830Z [PYI-1715:ERROR] Failed to execute script 'main' due to unhandled exception!
test-macos-package	Test Built Application (macOS)	2025-10-04T19:08:22.6948790Z Application exited prematurely.
test-macos-package	Test Built Application (macOS)	2025-10-04T19:08:22.6964910Z ##[error]Process completed with exit code 1.
test-macos-package	Complete job	ï»¿2025-10-04T19:08:22.7031360Z Cleaning up orphan processes
test-linux-package	Set up job	ï»¿2025-10-04T19:07:47.5233460Z Current runner version: '2.328.0'
test-linux-package	Set up job	2025-10-04T19:07:47.5268044Z ##[group]Runner Image Provisioner
test-linux-package	Set up job	2025-10-04T19:07:47.5269119Z Hosted Compute Agent
test-linux-package	Set up job	2025-10-04T19:07:47.5269952Z Version: 20250912.392
test-linux-package	Set up job	2025-10-04T19:07:47.5271533Z Commit: d921fda672a98b64f4f82364647e2f10b2267d0b
test-linux-package	Set up job	2025-10-04T19:07:47.5272826Z Build Date: 2025-09-12T15:23:14Z
test-linux-package	Set up job	2025-10-04T19:07:47.5274098Z ##[endgroup]
test-linux-package	Set up job	2025-10-04T19:07:47.5275059Z ##[group]Operating System
test-linux-package	Set up job	2025-10-04T19:07:47.5275714Z Ubuntu
test-linux-package	Set up job	2025-10-04T19:07:47.5276326Z 24.04.3
test-linux-package	Set up job	2025-10-04T19:07:47.5277030Z LTS
test-linux-package	Set up job	2025-10-04T19:07:47.5277503Z ##[endgroup]
test-linux-package	Set up job	2025-10-04T19:07:47.5277993Z ##[group]Runner Image
test-linux-package	Set up job	2025-10-04T19:07:47.5278526Z Image: ubuntu-24.04
test-linux-package	Set up job	2025-10-04T19:07:47.5279060Z Version: 20250929.60.1
test-linux-package	Set up job	2025-10-04T19:07:47.5280068Z Included Software: https://github.com/actions/runner-images/blob/ubuntu24/20250929.60/images/ubuntu/Ubuntu2404-Readme.md
test-linux-package	Set up job	2025-10-04T19:07:47.5281452Z Image Release: https://github.com/actions/runner-images/releases/tag/ubuntu24%2F20250929.60
test-linux-package	Set up job	2025-10-04T19:07:47.5282656Z ##[endgroup]
test-linux-package	Set up job	2025-10-04T19:07:47.5285417Z ##[group]GITHUB_TOKEN Permissions
test-linux-package	Set up job	2025-10-04T19:07:47.5287950Z Actions: write
test-linux-package	Set up job	2025-10-04T19:07:47.5288576Z Attestations: write
test-linux-package	Set up job	2025-10-04T19:07:47.5289131Z Checks: write
test-linux-package	Set up job	2025-10-04T19:07:47.5289640Z Contents: write
test-linux-package	Set up job	2025-10-04T19:07:47.5290134Z Deployments: write
test-linux-package	Set up job	2025-10-04T19:07:47.5290737Z Discussions: write
test-linux-package	Set up job	2025-10-04T19:07:47.5291228Z Issues: write
test-linux-package	Set up job	2025-10-04T19:07:47.5291737Z Metadata: read
test-linux-package	Set up job	2025-10-04T19:07:47.5292288Z Models: read
test-linux-package	Set up job	2025-10-04T19:07:47.5292872Z Packages: write
test-linux-package	Set up job	2025-10-04T19:07:47.5293348Z Pages: write
test-linux-package	Set up job	2025-10-04T19:07:47.5294137Z PullRequests: write
test-linux-package	Set up job	2025-10-04T19:07:47.5294712Z RepositoryProjects: write
test-linux-package	Set up job	2025-10-04T19:07:47.5295247Z SecurityEvents: write
test-linux-package	Set up job	2025-10-04T19:07:47.5295949Z Statuses: write
test-linux-package	Set up job	2025-10-04T19:07:47.5296615Z ##[endgroup]
test-linux-package	Set up job	2025-10-04T19:07:47.5299502Z Secret source: Actions
test-linux-package	Set up job	2025-10-04T19:07:47.5300674Z Prepare workflow directory
test-linux-package	Set up job	2025-10-04T19:07:47.5656605Z Prepare all required actions
test-linux-package	Set up job	2025-10-04T19:07:47.5700380Z Getting action download info
test-linux-package	Set up job	2025-10-04T19:07:47.9145793Z Download action repository 'actions/download-artifact@v4' (SHA:d3f86a106a0bac45b974a628896c90dbdf5c8093)
test-linux-package	Set up job	2025-10-04T19:07:48.2775852Z Complete job name: test-linux-package
test-linux-package	Download Linux artifact	ï»¿2025-10-04T19:07:48.3649473Z ##[group]Run actions/download-artifact@v4
test-linux-package	Download Linux artifact	2025-10-04T19:07:48.3650628Z with:
test-linux-package	Download Linux artifact	2025-10-04T19:07:48.3651091Z   name: devildex-debian-package
test-linux-package	Download Linux artifact	2025-10-04T19:07:48.3651599Z   path: build/deb/
test-linux-package	Download Linux artifact	2025-10-04T19:07:48.3652021Z   run-id: 18248316474
test-linux-package	Download Linux artifact	2025-10-04T19:07:48.3652780Z   github-token: ***
test-linux-package	Download Linux artifact	2025-10-04T19:07:48.3653232Z   repository: magowiz/devildex
test-linux-package	Download Linux artifact	2025-10-04T19:07:48.3654102Z   merge-multiple: false
test-linux-package	Download Linux artifact	2025-10-04T19:07:48.3654987Z ##[endgroup]
test-linux-package	Download Linux artifact	2025-10-04T19:07:48.5981540Z Downloading single artifact
test-linux-package	Download Linux artifact	2025-10-04T19:07:48.7709475Z Preparing to download the following artifacts:
test-linux-package	Download Linux artifact	2025-10-04T19:07:48.7711880Z - devildex-debian-package (ID: 4183116755, Size: 1725, Expected Digest: sha256:15348f8cbe643dad357383bf9fd5ba79626fcdef2a083c8e9ac84c1ca20dda7f)
test-linux-package	Download Linux artifact	2025-10-04T19:07:48.7776214Z Downloading artifact '4183116755' from 'magowiz/devildex'
test-linux-package	Download Linux artifact	2025-10-04T19:07:48.8809209Z Redirecting to blob download url: https://productionresultssa17.blob.core.windows.net/actions-results/61e04901-73d9-4d4f-a9f5-a05333483428/workflow-job-run-f18f1099-ae10-5a8a-b290-aa613ce37f7f/artifacts/3b31222b02e397c5e36684711d7b66c1a4e817942d706b00dc6169b32010b489.zip
test-linux-package	Download Linux artifact	2025-10-04T19:07:48.8814275Z Starting download of artifact to: /home/runner/work/devildex/devildex/build/deb
test-linux-package	Download Linux artifact	2025-10-04T19:07:48.9143681Z (node:1985) [DEP0005] DeprecationWarning: Buffer() is deprecated due to security and usability issues. Please use the Buffer.alloc(), Buffer.allocUnsafe(), or Buffer.from() methods instead.
test-linux-package	Download Linux artifact	2025-10-04T19:07:48.9147255Z (Use `node --trace-deprecation ...` to show where the warning was created)
test-linux-package	Download Linux artifact	2025-10-04T19:07:48.9182351Z SHA256 digest of downloaded artifact is 15348f8cbe643dad357383bf9fd5ba79626fcdef2a083c8e9ac84c1ca20dda7f
test-linux-package	Download Linux artifact	2025-10-04T19:07:48.9184733Z Artifact download completed successfully.
test-linux-package	Download Linux artifact	2025-10-04T19:07:48.9186203Z Total of 1 artifact(s) downloaded
test-linux-package	Download Linux artifact	2025-10-04T19:07:48.9191571Z Download artifact has finished successfully
test-linux-package	List downloaded files (Linux)	ï»¿2025-10-04T19:07:48.9372725Z ##[group]Run ls -R build/
test-linux-package	List downloaded files (Linux)	2025-10-04T19:07:48.9373342Z [36;1mls -R build/[0m
test-linux-package	List downloaded files (Linux)	2025-10-04T19:07:48.9411907Z shell: /usr/bin/bash -e {0}
test-linux-package	List downloaded files (Linux)	2025-10-04T19:07:48.9412416Z ##[endgroup]
test-linux-package	List downloaded files (Linux)	2025-10-04T19:07:48.9503370Z build/:
test-linux-package	List downloaded files (Linux)	2025-10-04T19:07:48.9504282Z deb
test-linux-package	List downloaded files (Linux)	2025-10-04T19:07:48.9504542Z 
test-linux-package	List downloaded files (Linux)	2025-10-04T19:07:48.9504731Z build/deb:
test-linux-package	List downloaded files (Linux)	2025-10-04T19:07:48.9505129Z devildex_0.2.1-1_all.deb
test-linux-package	Test Built Application (Linux)	ï»¿2025-10-04T19:07:48.9546911Z ##[group]Run sudo apt-get update
test-linux-package	Test Built Application (Linux)	2025-10-04T19:07:48.9547583Z [36;1msudo apt-get update[0m
test-linux-package	Test Built Application (Linux)	2025-10-04T19:07:48.9548127Z [36;1msudo apt-get install -y ./build/deb/*.deb[0m
test-linux-package	Test Built Application (Linux)	2025-10-04T19:07:48.9548705Z [36;1mexport PATH="/usr/bin:$PATH"[0m
test-linux-package	Test Built Application (Linux)	2025-10-04T19:07:48.9549206Z [36;1mdevildex &[0m
test-linux-package	Test Built Application (Linux)	2025-10-04T19:07:48.9549611Z [36;1mPID=$![0m
test-linux-package	Test Built Application (Linux)	2025-10-04T19:07:48.9550014Z [36;1msleep 30[0m
test-linux-package	Test Built Application (Linux)	2025-10-04T19:07:48.9550426Z [36;1mif ps -p $PID > /dev/null; then[0m
test-linux-package	Test Built Application (Linux)	2025-10-04T19:07:48.9550970Z [36;1m    kill $PID[0m
test-linux-package	Test Built Application (Linux)	2025-10-04T19:07:48.9551491Z [36;1m    echo "Application remained running for 30 seconds."[0m
test-linux-package	Test Built Application (Linux)	2025-10-04T19:07:48.9552069Z [36;1melse[0m
test-linux-package	Test Built Application (Linux)	2025-10-04T19:07:48.9552590Z [36;1m    echo "Application exited prematurely."[0m
test-linux-package	Test Built Application (Linux)	2025-10-04T19:07:48.9553116Z [36;1m    exit 1[0m
test-linux-package	Test Built Application (Linux)	2025-10-04T19:07:48.9553547Z [36;1mfi[0m
test-linux-package	Test Built Application (Linux)	2025-10-04T19:07:48.9585926Z shell: /usr/bin/bash -e {0}
test-linux-package	Test Built Application (Linux)	2025-10-04T19:07:48.9586414Z ##[endgroup]
test-linux-package	Test Built Application (Linux)	2025-10-04T19:07:49.0930194Z Get:1 file:/etc/apt/apt-mirrors.txt Mirrorlist [144 B]
test-linux-package	Test Built Application (Linux)	2025-10-04T19:07:49.1310282Z Hit:2 http://azure.archive.ubuntu.com/ubuntu noble InRelease
test-linux-package	Test Built Application (Linux)	2025-10-04T19:07:49.1312157Z Hit:6 https://packages.microsoft.com/repos/azure-cli noble InRelease
test-linux-package	Test Built Application (Linux)	2025-10-04T19:07:49.1314245Z Get:7 https://packages.microsoft.com/ubuntu/24.04/prod noble InRelease [3600 B]
test-linux-package	Test Built Application (Linux)	2025-10-04T19:07:49.1353449Z Get:3 http://azure.archive.ubuntu.com/ubuntu noble-updates InRelease [126 kB]
test-linux-package	Test Built Application (Linux)	2025-10-04T19:07:49.1432767Z Get:4 http://azure.archive.ubuntu.com/ubuntu noble-backports InRelease [126 kB]
test-linux-package	Test Built Application (Linux)	2025-10-04T19:07:49.1489312Z Get:5 http://azure.archive.ubuntu.com/ubuntu noble-security InRelease [126 kB]
test-linux-package	Test Built Application (Linux)	2025-10-04T19:07:49.3725968Z Get:8 https://packages.microsoft.com/ubuntu/24.04/prod noble/main arm64 Packages [42.4 kB]
test-linux-package	Test Built Application (Linux)	2025-10-04T19:07:49.3874655Z Get:9 https://packages.microsoft.com/ubuntu/24.04/prod noble/main armhf Packages [10.5 kB]
test-linux-package	Test Built Application (Linux)	2025-10-04T19:07:49.3906617Z Get:10 https://packages.microsoft.com/ubuntu/24.04/prod noble/main amd64 Packages [59.5 kB]
test-linux-package	Test Built Application (Linux)	2025-10-04T19:07:49.4271590Z Get:11 http://azure.archive.ubuntu.com/ubuntu noble-updates/main amd64 Packages [1484 kB]
test-linux-package	Test Built Application (Linux)	2025-10-04T19:07:49.4355353Z Get:12 http://azure.archive.ubuntu.com/ubuntu noble-updates/main Translation-en [286 kB]
test-linux-package	Test Built Application (Linux)	2025-10-04T19:07:49.4381260Z Get:13 http://azure.archive.ubuntu.com/ubuntu noble-updates/main amd64 Components [175 kB]
test-linux-package	Test Built Application (Linux)	2025-10-04T19:07:49.4407161Z Get:14 http://azure.archive.ubuntu.com/ubuntu noble-updates/main amd64 c-n-f Metadata [15.3 kB]
test-linux-package	Test Built Application (Linux)	2025-10-04T19:07:49.4418585Z Get:15 http://azure.archive.ubuntu.com/ubuntu noble-updates/universe amd64 Packages [1486 kB]
test-linux-package	Test Built Application (Linux)	2025-10-04T19:07:49.4631065Z Get:16 http://azure.archive.ubuntu.com/ubuntu noble-updates/universe Translation-en [300 kB]
test-linux-package	Test Built Application (Linux)	2025-10-04T19:07:49.4658858Z Get:17 http://azure.archive.ubuntu.com/ubuntu noble-updates/universe amd64 Components [377 kB]
test-linux-package	Test Built Application (Linux)	2025-10-04T19:07:49.4692511Z Get:18 http://azure.archive.ubuntu.com/ubuntu noble-updates/universe amd64 c-n-f Metadata [31.1 kB]
test-linux-package	Test Built Application (Linux)	2025-10-04T19:07:49.4709021Z Get:19 http://azure.archive.ubuntu.com/ubuntu noble-updates/restricted amd64 Packages [2053 kB]
test-linux-package	Test Built Application (Linux)	2025-10-04T19:07:49.4860092Z Get:20 http://azure.archive.ubuntu.com/ubuntu noble-updates/restricted Translation-en [463 kB]
test-linux-package	Test Built Application (Linux)	2025-10-04T19:07:49.5307542Z Get:21 http://azure.archive.ubuntu.com/ubuntu noble-updates/restricted amd64 Components [212 B]
test-linux-package	Test Built Application (Linux)	2025-10-04T19:07:49.5321165Z Get:22 http://azure.archive.ubuntu.com/ubuntu noble-updates/multiverse Translation-en [6116 B]
test-linux-package	Test Built Application (Linux)	2025-10-04T19:07:49.5330795Z Get:23 http://azure.archive.ubuntu.com/ubuntu noble-updates/multiverse amd64 Components [940 B]
test-linux-package	Test Built Application (Linux)	2025-10-04T19:07:49.5352061Z Get:24 http://azure.archive.ubuntu.com/ubuntu noble-backports/main amd64 Components [7124 B]
test-linux-package	Test Built Application (Linux)	2025-10-04T19:07:49.5362432Z Get:25 http://azure.archive.ubuntu.com/ubuntu noble-backports/universe amd64 Components [11.0 kB]
test-linux-package	Test Built Application (Linux)	2025-10-04T19:07:49.5369101Z Get:26 http://azure.archive.ubuntu.com/ubuntu noble-backports/restricted amd64 Components [216 B]
test-linux-package	Test Built Application (Linux)	2025-10-04T19:07:49.5389697Z Get:27 http://azure.archive.ubuntu.com/ubuntu noble-backports/multiverse amd64 Components [212 B]
test-linux-package	Test Built Application (Linux)	2025-10-04T19:07:49.5811271Z Get:28 http://azure.archive.ubuntu.com/ubuntu noble-security/main amd64 Packages [1201 kB]
test-linux-package	Test Built Application (Linux)	2025-10-04T19:07:49.5905539Z Get:29 http://azure.archive.ubuntu.com/ubuntu noble-security/main Translation-en [201 kB]
test-linux-package	Test Built Application (Linux)	2025-10-04T19:07:49.5929045Z Get:30 http://azure.archive.ubuntu.com/ubuntu noble-security/main amd64 Components [21.5 kB]
test-linux-package	Test Built Application (Linux)	2025-10-04T19:07:49.5951093Z Get:31 http://azure.archive.ubuntu.com/ubuntu noble-security/main amd64 c-n-f Metadata [8744 B]
test-linux-package	Test Built Application (Linux)	2025-10-04T19:07:49.5971804Z Get:32 http://azure.archive.ubuntu.com/ubuntu noble-security/universe amd64 Packages [881 kB]
test-linux-package	Test Built Application (Linux)	2025-10-04T19:07:49.6049219Z Get:33 http://azure.archive.ubuntu.com/ubuntu noble-security/universe Translation-en [196 kB]
test-linux-package	Test Built Application (Linux)	2025-10-04T19:07:49.6080834Z Get:34 http://azure.archive.ubuntu.com/ubuntu noble-security/universe amd64 Components [52.3 kB]
test-linux-package	Test Built Application (Linux)	2025-10-04T19:07:49.6556138Z Get:35 http://azure.archive.ubuntu.com/ubuntu noble-security/restricted amd64 Packages [1938 kB]
test-linux-package	Test Built Application (Linux)	2025-10-04T19:07:49.6851466Z Get:36 http://azure.archive.ubuntu.com/ubuntu noble-security/restricted Translation-en [439 kB]
test-linux-package	Test Built Application (Linux)	2025-10-04T19:07:49.6898390Z Get:37 http://azure.archive.ubuntu.com/ubuntu noble-security/restricted amd64 Components [212 B]
test-linux-package	Test Built Application (Linux)	2025-10-04T19:07:49.6908123Z Get:38 http://azure.archive.ubuntu.com/ubuntu noble-security/multiverse Translation-en [5844 B]
test-linux-package	Test Built Application (Linux)	2025-10-04T19:07:49.6917668Z Get:39 http://azure.archive.ubuntu.com/ubuntu noble-security/multiverse amd64 Components [208 B]
test-linux-package	Test Built Application (Linux)	2025-10-04T19:08:01.4968105Z Fetched 12.1 MB in 2s (7398 kB/s)
test-linux-package	Test Built Application (Linux)	2025-10-04T19:08:02.4076036Z Reading package lists...
test-linux-package	Test Built Application (Linux)	2025-10-04T19:08:02.4703958Z Reading package lists...
test-linux-package	Test Built Application (Linux)	2025-10-04T19:08:02.7313547Z Building dependency tree...
test-linux-package	Test Built Application (Linux)	2025-10-04T19:08:02.7321708Z Reading state information...
test-linux-package	Test Built Application (Linux)	2025-10-04T19:08:02.9785822Z The following additional packages will be installed:
test-linux-package	Test Built Application (Linux)	2025-10-04T19:08:02.9787082Z   bubblewrap glib-networking glib-networking-common glib-networking-services
test-linux-package	Test Built Application (Linux)	2025-10-04T19:08:02.9789477Z   gsettings-desktop-schemas gstreamer1.0-gl gstreamer1.0-plugins-base
test-linux-package	Test Built Application (Linux)	2025-10-04T19:08:02.9790605Z   gstreamer1.0-plugins-good gstreamer1.0-x libaa1 libasyncns0 libavc1394-0
test-linux-package	Test Built Application (Linux)	2025-10-04T19:08:02.9791614Z   libcaca0 libcdparanoia0 libdv4t64 libegl-mesa0 libegl1 libflac12t64 libgles2
test-linux-package	Test Built Application (Linux)	2025-10-04T19:08:02.9792590Z   libgraphene-1.0-0 libgstreamer-gl1.0-0 libgstreamer-plugins-base1.0-0
test-linux-package	Test Built Application (Linux)	2025-10-04T19:08:02.9794020Z   libgstreamer-plugins-good1.0-0 libharfbuzz-icu0 libhyphen0 libiec61883-0
test-linux-package	Test Built Application (Linux)	2025-10-04T19:08:02.9795205Z   libimagequant0 libjavascriptcoregtk-4.1-0 libmanette-0.2-0 libmp3lame0
test-linux-package	Test Built Application (Linux)	2025-10-04T19:08:02.9797288Z   libmpg123-0t64 libnotify4 libopus0 liborc-0.4-0t64 libpipewire-0.3-0t64
test-linux-package	Test Built Application (Linux)	2025-10-04T19:08:02.9798505Z   libpipewire-0.3-common libproxy1v5 libpulse0 libraqm0 libraw1394-11
test-linux-package	Test Built Application (Linux)	2025-10-04T19:08:02.9799568Z   libsecret-1-0 libsecret-common libshout3 libsndfile1 libsoup-3.0-0
test-linux-package	Test Built Application (Linux)	2025-10-04T19:08:02.9800517Z   libsoup-3.0-common libspa-0.2-modules libspeex1 libtag1v5 libtag1v5-vanilla
test-linux-package	Test Built Application (Linux)	2025-10-04T19:08:02.9801594Z   libtheora0 libtwolame0 libv4l-0t64 libv4lconvert0t64 libvisual-0.4-0
test-linux-package	Test Built Application (Linux)	2025-10-04T19:08:02.9802596Z   libvorbisenc2 libvpx9 libwavpack1 libwebkit2gtk-4.1-0
test-linux-package	Test Built Application (Linux)	2025-10-04T19:08:02.9803632Z   libwebrtc-audio-processing1 libwoff1 libwxbase3.2-1t64 libwxgtk-gl3.2-1t64
test-linux-package	Test Built Application (Linux)	2025-10-04T19:08:02.9805452Z   libwxgtk-webview3.2-1t64 libwxgtk3.2-1t64 libxv1 python3-olefile python3-pil
test-linux-package	Test Built Application (Linux)	2025-10-04T19:08:02.9806833Z   python3-wxgtk-webview4.0 python3-wxgtk4.0 session-migration xdg-dbus-proxy
test-linux-package	Test Built Application (Linux)	2025-10-04T19:08:02.9807834Z   xdg-desktop-portal xdg-desktop-portal-gtk
test-linux-package	Test Built Application (Linux)	2025-10-04T19:08:02.9815254Z Suggested packages:
test-linux-package	Test Built Application (Linux)	2025-10-04T19:08:02.9815945Z   gvfs libdv-bin oss-compat libvisual-0.4-plugins notification-daemon
test-linux-package	Test Built Application (Linux)	2025-10-04T19:08:02.9816586Z   opus-tools pipewire pulseaudio libraw1394-doc speex gstreamer1.0-libav
test-linux-package	Test Built Application (Linux)	2025-10-04T19:08:02.9817123Z   gstreamer1.0-plugins-bad gstreamer1.0-alsa python-pil-doc wx3.2-doc
test-linux-package	Test Built Application (Linux)	2025-10-04T19:08:02.9817579Z   accountsservice evince xdg-desktop-portal-gnome
test-linux-package	Test Built Application (Linux)	2025-10-04T19:08:03.0535855Z The following NEW packages will be installed:
test-linux-package	Test Built Application (Linux)	2025-10-04T19:08:03.0537507Z   bubblewrap devildex glib-networking glib-networking-common
test-linux-package	Test Built Application (Linux)	2025-10-04T19:08:03.0538729Z   glib-networking-services gsettings-desktop-schemas gstreamer1.0-gl
test-linux-package	Test Built Application (Linux)	2025-10-04T19:08:03.0539997Z   gstreamer1.0-plugins-base gstreamer1.0-plugins-good gstreamer1.0-x libaa1
test-linux-package	Test Built Application (Linux)	2025-10-04T19:08:03.0541260Z   libasyncns0 libavc1394-0 libcaca0 libcdparanoia0 libdv4t64 libegl-mesa0
test-linux-package	Test Built Application (Linux)	2025-10-04T19:08:03.0542407Z   libegl1 libflac12t64 libgles2 libgraphene-1.0-0 libgstreamer-gl1.0-0
test-linux-package	Test Built Application (Linux)	2025-10-04T19:08:03.0543557Z   libgstreamer-plugins-base1.0-0 libgstreamer-plugins-good1.0-0
test-linux-package	Test Built Application (Linux)	2025-10-04T19:08:03.0544619Z   libharfbuzz-icu0 libhyphen0 libiec61883-0 libimagequant0
test-linux-package	Test Built Application (Linux)	2025-10-04T19:08:03.0545670Z   libjavascriptcoregtk-4.1-0 libmanette-0.2-0 libmp3lame0 libmpg123-0t64
test-linux-package	Test Built Application (Linux)	2025-10-04T19:08:03.0546470Z   libnotify4 libopus0 liborc-0.4-0t64 libpipewire-0.3-0t64
test-linux-package	Test Built Application (Linux)	2025-10-04T19:08:03.0547348Z   libpipewire-0.3-common libproxy1v5 libpulse0 libraqm0 libraw1394-11
test-linux-package	Test Built Application (Linux)	2025-10-04T19:08:03.0548330Z   libsecret-1-0 libsecret-common libshout3 libsndfile1 libsoup-3.0-0
test-linux-package	Test Built Application (Linux)	2025-10-04T19:08:03.0549394Z   libsoup-3.0-common libspa-0.2-modules libspeex1 libtag1v5 libtag1v5-vanilla
test-linux-package	Test Built Application (Linux)	2025-10-04T19:08:03.0550262Z   libtheora0 libtwolame0 libv4l-0t64 libv4lconvert0t64 libvisual-0.4-0
test-linux-package	Test Built Application (Linux)	2025-10-04T19:08:03.0550832Z   libvorbisenc2 libvpx9 libwavpack1 libwebkit2gtk-4.1-0
test-linux-package	Test Built Application (Linux)	2025-10-04T19:08:03.0551683Z   libwebrtc-audio-processing1 libwoff1 libwxbase3.2-1t64 libwxgtk-gl3.2-1t64
test-linux-package	Test Built Application (Linux)	2025-10-04T19:08:03.0552705Z   libwxgtk-webview3.2-1t64 libwxgtk3.2-1t64 libxv1 python3-olefile python3-pil
test-linux-package	Test Built Application (Linux)	2025-10-04T19:08:03.0554003Z   python3-wxgtk-webview4.0 python3-wxgtk4.0 session-migration xdg-dbus-proxy
test-linux-package	Test Built Application (Linux)	2025-10-04T19:08:03.0554710Z   xdg-desktop-portal xdg-desktop-portal-gtk
test-linux-package	Test Built Application (Linux)	2025-10-04T19:08:03.0753390Z 0 upgraded, 75 newly installed, 0 to remove and 21 not upgraded.
test-linux-package	Test Built Application (Linux)	2025-10-04T19:08:03.0754237Z Need to get 60.6 MB/60.6 MB of archives.
test-linux-package	Test Built Application (Linux)	2025-10-04T19:08:03.0754874Z After this operation, 225 MB of additional disk space will be used.
test-linux-package	Test Built Application (Linux)	2025-10-04T19:08:03.0755770Z Get:1 /home/runner/work/devildex/devildex/build/deb/devildex_0.2.1-1_all.deb devildex all 0.2.1-1 [1602 B]
test-linux-package	Test Built Application (Linux)	2025-10-04T19:08:03.0756460Z Get:2 file:/etc/apt/apt-mirrors.txt Mirrorlist [144 B]
test-linux-package	Test Built Application (Linux)	2025-10-04T19:08:03.1143650Z Get:3 http://azure.archive.ubuntu.com/ubuntu noble-updates/main amd64 bubblewrap amd64 0.9.0-1ubuntu0.1 [50.2 kB]
test-linux-package	Test Built Application (Linux)	2025-10-04T19:08:03.1346052Z Get:4 http://azure.archive.ubuntu.com/ubuntu noble/main amd64 libimagequant0 amd64 2.18.0-1build1 [36.3 kB]
test-linux-package	Test Built Application (Linux)	2025-10-04T19:08:03.1538958Z Get:5 http://azure.archive.ubuntu.com/ubuntu noble/main amd64 libraqm0 amd64 0.10.1-1build1 [15.0 kB]
test-linux-package	Test Built Application (Linux)	2025-10-04T19:08:03.1726613Z Get:6 http://azure.archive.ubuntu.com/ubuntu noble-updates/main amd64 python3-pil amd64 10.2.0-1ubuntu1 [452 kB]
test-linux-package	Test Built Application (Linux)	2025-10-04T19:08:03.2099252Z Get:7 http://azure.archive.ubuntu.com/ubuntu noble/universe amd64 libwxbase3.2-1t64 amd64 3.2.4+dfsg-4build1 [899 kB]
test-linux-package	Test Built Application (Linux)	2025-10-04T19:08:03.2509085Z Get:8 http://azure.archive.ubuntu.com/ubuntu noble/main amd64 libnotify4 amd64 0.8.3-1build2 [25.6 kB]
test-linux-package	Test Built Application (Linux)	2025-10-04T19:08:03.2695924Z Get:9 http://azure.archive.ubuntu.com/ubuntu noble/universe amd64 libwxgtk3.2-1t64 amd64 3.2.4+dfsg-4build1 [4535 kB]
test-linux-package	Test Built Application (Linux)	2025-10-04T19:08:03.3536298Z Get:10 http://azure.archive.ubuntu.com/ubuntu noble/universe amd64 libwxgtk-gl3.2-1t64 amd64 3.2.4+dfsg-4build1 [52.3 kB]
test-linux-package	Test Built Application (Linux)	2025-10-04T19:08:03.3723557Z Get:11 http://azure.archive.ubuntu.com/ubuntu noble/universe amd64 python3-wxgtk4.0 amd64 4.2.1+dfsg-3build2 [7653 kB]
test-linux-package	Test Built Application (Linux)	2025-10-04T19:08:03.4940668Z Get:12 http://azure.archive.ubuntu.com/ubuntu noble-updates/main amd64 libjavascriptcoregtk-4.1-0 amd64 2.48.5-0ubuntu0.24.04.1 [8956 kB]
test-linux-package	Test Built Application (Linux)	2025-10-04T19:08:03.6413289Z Get:13 http://azure.archive.ubuntu.com/ubuntu noble/main amd64 libcdparanoia0 amd64 3.10.2+debian-14build3 [48.5 kB]
test-linux-package	Test Built Application (Linux)	2025-10-04T19:08:03.6600112Z Get:14 http://azure.archive.ubuntu.com/ubuntu noble-updates/main amd64 liborc-0.4-0t64 amd64 1:0.4.38-1ubuntu0.1 [207 kB]
test-linux-package	Test Built Application (Linux)	2025-10-04T19:08:03.6816611Z Get:15 http://azure.archive.ubuntu.com/ubuntu noble-updates/main amd64 libgstreamer-plugins-base1.0-0 amd64 1.24.2-1ubuntu0.3 [862 kB]
test-linux-package	Test Built Application (Linux)	2025-10-04T19:08:03.7211590Z Get:16 http://azure.archive.ubuntu.com/ubuntu noble/main amd64 libopus0 amd64 1.4-1build1 [208 kB]
test-linux-package	Test Built Application (Linux)	2025-10-04T19:08:03.7422323Z Get:17 http://azure.archive.ubuntu.com/ubuntu noble/main amd64 libtheora0 amd64 1.1.1+dfsg.1-16.1build3 [211 kB]
test-linux-package	Test Built Application (Linux)	2025-10-04T19:08:03.7624780Z Get:18 http://azure.archive.ubuntu.com/ubuntu noble/main amd64 libvisual-0.4-0 amd64 0.4.2-2build1 [115 kB]
test-linux-package	Test Built Application (Linux)	2025-10-04T19:08:03.7820636Z Get:19 http://azure.archive.ubuntu.com/ubuntu noble/main amd64 libvorbisenc2 amd64 1.3.7-1build3 [80.8 kB]
test-linux-package	Test Built Application (Linux)	2025-10-04T19:08:03.8015187Z Get:20 http://azure.archive.ubuntu.com/ubuntu noble-updates/main amd64 gstreamer1.0-plugins-base amd64 1.24.2-1ubuntu0.3 [721 kB]
test-linux-package	Test Built Application (Linux)	2025-10-04T19:08:03.8841957Z Get:21 http://azure.archive.ubuntu.com/ubuntu noble/main amd64 libaa1 amd64 1.4p5-51.1 [49.9 kB]
test-linux-package	Test Built Application (Linux)	2025-10-04T19:08:03.9028838Z Get:22 http://azure.archive.ubuntu.com/ubuntu noble/main amd64 libraw1394-11 amd64 2.1.2-2build3 [26.2 kB]
test-linux-package	Test Built Application (Linux)	2025-10-04T19:08:03.9218321Z Get:23 http://azure.archive.ubuntu.com/ubuntu noble/main amd64 libavc1394-0 amd64 0.5.4-5build3 [15.4 kB]
test-linux-package	Test Built Application (Linux)	2025-10-04T19:08:03.9404592Z Get:24 http://azure.archive.ubuntu.com/ubuntu noble/main amd64 libcaca0 amd64 0.99.beta20-4build2 [208 kB]
test-linux-package	Test Built Application (Linux)	2025-10-04T19:08:03.9615340Z Get:25 http://azure.archive.ubuntu.com/ubuntu noble/main amd64 libdv4t64 amd64 1.0.0-17.1build1 [63.2 kB]
test-linux-package	Test Built Application (Linux)	2025-10-04T19:08:03.9807707Z Get:26 http://azure.archive.ubuntu.com/ubuntu noble/main amd64 libflac12t64 amd64 1.4.3+ds-2.1ubuntu2 [197 kB]
test-linux-package	Test Built Application (Linux)	2025-10-04T19:08:04.0012602Z Get:27 http://azure.archive.ubuntu.com/ubuntu noble-updates/main amd64 libgstreamer-plugins-good1.0-0 amd64 1.24.2-1ubuntu1.2 [33.0 kB]
test-linux-package	Test Built Application (Linux)	2025-10-04T19:08:04.0224999Z Get:28 http://azure.archive.ubuntu.com/ubuntu noble/main amd64 libiec61883-0 amd64 1.2.0-6build1 [24.5 kB]
test-linux-package	Test Built Application (Linux)	2025-10-04T19:08:04.0412909Z Get:29 http://azure.archive.ubuntu.com/ubuntu noble/main amd64 libmp3lame0 amd64 3.100-6build1 [142 kB]
test-linux-package	Test Built Application (Linux)	2025-10-04T19:08:04.0612334Z Get:30 http://azure.archive.ubuntu.com/ubuntu noble-updates/main amd64 libmpg123-0t64 amd64 1.32.5-1ubuntu1.1 [169 kB]
test-linux-package	Test Built Application (Linux)	2025-10-04T19:08:04.0810587Z Get:31 http://azure.archive.ubuntu.com/ubuntu noble/main amd64 libasyncns0 amd64 0.8-6build4 [11.3 kB]
test-linux-package	Test Built Application (Linux)	2025-10-04T19:08:04.0998913Z Get:32 http://azure.archive.ubuntu.com/ubuntu noble-updates/main amd64 libsndfile1 amd64 1.2.2-1ubuntu5.24.04.1 [209 kB]
test-linux-package	Test Built Application (Linux)	2025-10-04T19:08:04.1210820Z Get:33 http://azure.archive.ubuntu.com/ubuntu noble-updates/main amd64 libpulse0 amd64 1:16.1+dfsg1-2ubuntu10.1 [292 kB]
test-linux-package	Test Built Application (Linux)	2025-10-04T19:08:04.1424644Z Get:34 http://azure.archive.ubuntu.com/ubuntu noble-updates/main amd64 libspeex1 amd64 1.2.1-2ubuntu2.24.04.1 [59.6 kB]
test-linux-package	Test Built Application (Linux)	2025-10-04T19:08:04.1616284Z Get:35 http://azure.archive.ubuntu.com/ubuntu noble/main amd64 libshout3 amd64 2.4.6-1build2 [50.3 kB]
test-linux-package	Test Built Application (Linux)	2025-10-04T19:08:04.1809029Z Get:36 http://azure.archive.ubuntu.com/ubuntu noble/main amd64 libtag1v5-vanilla amd64 1.13.1-1build1 [326 kB]
test-linux-package	Test Built Application (Linux)	2025-10-04T19:08:04.2034804Z Get:37 http://azure.archive.ubuntu.com/ubuntu noble/main amd64 libtag1v5 amd64 1.13.1-1build1 [11.7 kB]
test-linux-package	Test Built Application (Linux)	2025-10-04T19:08:04.2220621Z Get:38 http://azure.archive.ubuntu.com/ubuntu noble/main amd64 libtwolame0 amd64 0.4.0-2build3 [52.3 kB]
test-linux-package	Test Built Application (Linux)	2025-10-04T19:08:04.2833347Z Get:39 http://azure.archive.ubuntu.com/ubuntu noble/main amd64 libv4lconvert0t64 amd64 1.26.1-4build3 [87.6 kB]
test-linux-package	Test Built Application (Linux)	2025-10-04T19:08:04.3063397Z Get:40 http://azure.archive.ubuntu.com/ubuntu noble/main amd64 libv4l-0t64 amd64 1.26.1-4build3 [46.9 kB]
test-linux-package	Test Built Application (Linux)	2025-10-04T19:08:04.3252556Z Get:41 http://azure.archive.ubuntu.com/ubuntu noble-updates/main amd64 libvpx9 amd64 1.14.0-1ubuntu2.2 [1143 kB]
test-linux-package	Test Built Application (Linux)	2025-10-04T19:08:04.3690414Z Get:42 http://azure.archive.ubuntu.com/ubuntu noble/main amd64 libwavpack1 amd64 5.6.0-1build1 [84.6 kB]
test-linux-package	Test Built Application (Linux)	2025-10-04T19:08:04.3883329Z Get:43 http://azure.archive.ubuntu.com/ubuntu noble/main amd64 libproxy1v5 amd64 0.5.4-4build1 [26.5 kB]
test-linux-package	Test Built Application (Linux)	2025-10-04T19:08:04.4073343Z Get:44 http://azure.archive.ubuntu.com/ubuntu noble/main amd64 glib-networking-common all 2.80.0-1build1 [6702 B]
test-linux-package	Test Built Application (Linux)	2025-10-04T19:08:04.4261241Z Get:45 http://azure.archive.ubuntu.com/ubuntu noble/main amd64 glib-networking-services amd64 2.80.0-1build1 [12.8 kB]
test-linux-package	Test Built Application (Linux)	2025-10-04T19:08:04.4448056Z Get:46 http://azure.archive.ubuntu.com/ubuntu noble/main amd64 session-migration amd64 0.3.9build1 [9034 B]
test-linux-package	Test Built Application (Linux)	2025-10-04T19:08:04.4635752Z Get:47 http://azure.archive.ubuntu.com/ubuntu noble-updates/main amd64 gsettings-desktop-schemas all 46.1-0ubuntu1 [35.6 kB]
test-linux-package	Test Built Application (Linux)	2025-10-04T19:08:04.4839502Z Get:48 http://azure.archive.ubuntu.com/ubuntu noble/main amd64 glib-networking amd64 2.80.0-1build1 [64.1 kB]
test-linux-package	Test Built Application (Linux)	2025-10-04T19:08:04.5034274Z Get:49 http://azure.archive.ubuntu.com/ubuntu noble-updates/main amd64 libsoup-3.0-common all 3.4.4-5ubuntu0.5 [11.3 kB]
test-linux-package	Test Built Application (Linux)	2025-10-04T19:08:04.5230494Z Get:50 http://azure.archive.ubuntu.com/ubuntu noble-updates/main amd64 libsoup-3.0-0 amd64 3.4.4-5ubuntu0.5 [291 kB]
test-linux-package	Test Built Application (Linux)	2025-10-04T19:08:04.5445527Z Get:51 http://azure.archive.ubuntu.com/ubuntu noble-updates/main amd64 gstreamer1.0-plugins-good amd64 1.24.2-1ubuntu1.2 [2238 kB]
test-linux-package	Test Built Application (Linux)	2025-10-04T19:08:04.6155820Z Get:52 http://azure.archive.ubuntu.com/ubuntu noble/main amd64 libgles2 amd64 1.7.0-1build1 [17.1 kB]
test-linux-package	Test Built Application (Linux)	2025-10-04T19:08:04.6375419Z Get:53 http://azure.archive.ubuntu.com/ubuntu noble/main amd64 xdg-dbus-proxy amd64 0.1.5-1build2 [25.9 kB]
test-linux-package	Test Built Application (Linux)	2025-10-04T19:08:04.6569748Z Get:54 http://azure.archive.ubuntu.com/ubuntu noble-updates/main amd64 libegl-mesa0 amd64 25.0.7-0ubuntu0.24.04.2 [124 kB]
test-linux-package	Test Built Application (Linux)	2025-10-04T19:08:04.6765776Z Get:55 http://azure.archive.ubuntu.com/ubuntu noble/main amd64 libegl1 amd64 1.7.0-1build1 [28.7 kB]
test-linux-package	Test Built Application (Linux)	2025-10-04T19:08:04.6959906Z Get:56 http://azure.archive.ubuntu.com/ubuntu noble-updates/main amd64 libgstreamer-gl1.0-0 amd64 1.24.2-1ubuntu0.3 [214 kB]
test-linux-package	Test Built Application (Linux)	2025-10-04T19:08:04.7165955Z Get:57 http://azure.archive.ubuntu.com/ubuntu noble/main amd64 libharfbuzz-icu0 amd64 8.3.0-2build2 [13.3 kB]
test-linux-package	Test Built Application (Linux)	2025-10-04T19:08:04.7841983Z Get:58 http://azure.archive.ubuntu.com/ubuntu noble/main amd64 libhyphen0 amd64 2.8.8-7build3 [26.5 kB]
test-linux-package	Test Built Application (Linux)	2025-10-04T19:08:04.8033451Z Get:59 http://azure.archive.ubuntu.com/ubuntu noble/main amd64 libmanette-0.2-0 amd64 0.2.7-1build2 [30.6 kB]
test-linux-package	Test Built Application (Linux)	2025-10-04T19:08:04.8220492Z Get:60 http://azure.archive.ubuntu.com/ubuntu noble/main amd64 libsecret-common all 0.21.4-1build3 [4962 B]
test-linux-package	Test Built Application (Linux)	2025-10-04T19:08:04.8409435Z Get:61 http://azure.archive.ubuntu.com/ubuntu noble/main amd64 libsecret-1-0 amd64 0.21.4-1build3 [116 kB]
test-linux-package	Test Built Application (Linux)	2025-10-04T19:08:04.8609881Z Get:62 http://azure.archive.ubuntu.com/ubuntu noble/main amd64 libwoff1 amd64 1.0.2-2build1 [45.3 kB]
test-linux-package	Test Built Application (Linux)	2025-10-04T19:08:04.8802030Z Get:63 http://azure.archive.ubuntu.com/ubuntu noble-updates/main amd64 libwebkit2gtk-4.1-0 amd64 2.48.5-0ubuntu0.24.04.1 [26.8 MB]
test-linux-package	Test Built Application (Linux)	2025-10-04T19:08:05.1643714Z Get:64 http://azure.archive.ubuntu.com/ubuntu noble/universe amd64 libwxgtk-webview3.2-1t64 amd64 3.2.4+dfsg-4build1 [83.3 kB]
test-linux-package	Test Built Application (Linux)	2025-10-04T19:08:05.1834956Z Get:65 http://azure.archive.ubuntu.com/ubuntu noble/universe amd64 python3-wxgtk-webview4.0 amd64 4.2.1+dfsg-3build2 [76.5 kB]
test-linux-package	Test Built Application (Linux)	2025-10-04T19:08:05.2027191Z Get:66 http://azure.archive.ubuntu.com/ubuntu noble/main amd64 libgraphene-1.0-0 amd64 1.10.8-3build2 [46.2 kB]
test-linux-package	Test Built Application (Linux)	2025-10-04T19:08:05.2221714Z Get:67 http://azure.archive.ubuntu.com/ubuntu noble-updates/main amd64 gstreamer1.0-gl amd64 1.24.2-1ubuntu0.3 [116 kB]
test-linux-package	Test Built Application (Linux)	2025-10-04T19:08:05.2421137Z Get:68 http://azure.archive.ubuntu.com/ubuntu noble/main amd64 libxv1 amd64 2:1.0.11-1.1build1 [10.7 kB]
test-linux-package	Test Built Application (Linux)	2025-10-04T19:08:05.2609002Z Get:69 http://azure.archive.ubuntu.com/ubuntu noble-updates/main amd64 gstreamer1.0-x amd64 1.24.2-1ubuntu0.3 [85.1 kB]
test-linux-package	Test Built Application (Linux)	2025-10-04T19:08:05.2802085Z Get:70 http://azure.archive.ubuntu.com/ubuntu noble/main amd64 libwebrtc-audio-processing1 amd64 0.3.1-0ubuntu6 [290 kB]
test-linux-package	Test Built Application (Linux)	2025-10-04T19:08:05.3009177Z Get:71 http://azure.archive.ubuntu.com/ubuntu noble-updates/main amd64 libspa-0.2-modules amd64 1.0.5-1ubuntu3.1 [626 kB]
test-linux-package	Test Built Application (Linux)	2025-10-04T19:08:05.3379668Z Get:72 http://azure.archive.ubuntu.com/ubuntu noble-updates/main amd64 libpipewire-0.3-0t64 amd64 1.0.5-1ubuntu3.1 [252 kB]
test-linux-package	Test Built Application (Linux)	2025-10-04T19:08:05.3582543Z Get:73 http://azure.archive.ubuntu.com/ubuntu noble-updates/main amd64 libpipewire-0.3-common all 1.0.5-1ubuntu3.1 [18.9 kB]
test-linux-package	Test Built Application (Linux)	2025-10-04T19:08:05.3774704Z Get:74 http://azure.archive.ubuntu.com/ubuntu noble/main amd64 python3-olefile all 0.46-3 [33.8 kB]
test-linux-package	Test Built Application (Linux)	2025-10-04T19:08:05.3966189Z Get:75 http://azure.archive.ubuntu.com/ubuntu noble-updates/main amd64 xdg-desktop-portal amd64 1.18.4-1ubuntu2.24.04.1 [298 kB]
test-linux-package	Test Built Application (Linux)	2025-10-04T19:08:05.4611358Z Get:76 http://azure.archive.ubuntu.com/ubuntu noble/main amd64 xdg-desktop-portal-gtk amd64 1.15.1-1build2 [80.3 kB]
test-linux-package	Test Built Application (Linux)	2025-10-04T19:08:05.8872779Z Fetched 60.6 MB in 2s (25.3 MB/s)
test-linux-package	Test Built Application (Linux)	2025-10-04T19:08:05.9480476Z Selecting previously unselected package bubblewrap.
test-linux-package	Test Built Application (Linux)	2025-10-04T19:08:06.0144588Z (Reading database ... 
test-linux-package	Test Built Application (Linux)	2025-10-04T19:08:06.0145171Z (Reading database ... 5%
test-linux-package	Test Built Application (Linux)	2025-10-04T19:08:06.0145652Z (Reading database ... 10%
test-linux-package	Test Built Application (Linux)	2025-10-04T19:08:06.0146064Z (Reading database ... 15%
test-linux-package	Test Built Application (Linux)	2025-10-04T19:08:06.0146375Z (Reading database ... 20%
test-linux-package	Test Built Application (Linux)	2025-10-04T19:08:06.0146686Z (Reading database ... 25%
test-linux-package	Test Built Application (Linux)	2025-10-04T19:08:06.0146985Z (Reading database ... 30%
test-linux-package	Test Built Application (Linux)	2025-10-04T19:08:06.0147362Z (Reading database ... 35%
test-linux-package	Test Built Application (Linux)	2025-10-04T19:08:06.0147673Z (Reading database ... 40%
test-linux-package	Test Built Application (Linux)	2025-10-04T19:08:06.0147953Z (Reading database ... 45%
test-linux-package	Test Built Application (Linux)	2025-10-04T19:08:06.0148251Z (Reading database ... 50%
test-linux-package	Test Built Application (Linux)	2025-10-04T19:08:06.0819987Z (Reading database ... 55%
test-linux-package	Test Built Application (Linux)	2025-10-04T19:08:06.5836137Z (Reading database ... 60%
test-linux-package	Test Built Application (Linux)	2025-10-04T19:08:06.7499584Z (Reading database ... 65%
test-linux-package	Test Built Application (Linux)	2025-10-04T19:08:06.8213106Z (Reading database ... 70%
test-linux-package	Test Built Application (Linux)	2025-10-04T19:08:07.1404652Z (Reading database ... 75%
test-linux-package	Test Built Application (Linux)	2025-10-04T19:08:07.5780216Z (Reading database ... 80%
test-linux-package	Test Built Application (Linux)	2025-10-04T19:08:08.1991321Z (Reading database ... 85%
test-linux-package	Test Built Application (Linux)	2025-10-04T19:08:08.8423295Z (Reading database ... 90%
test-linux-package	Test Built Application (Linux)	2025-10-04T19:08:09.3769102Z (Reading database ... 95%
test-linux-package	Test Built Application (Linux)	2025-10-04T19:08:09.3769702Z (Reading database ... 100%
test-linux-package	Test Built Application (Linux)	2025-10-04T19:08:09.3770353Z (Reading database ... 214596 files and directories currently installed.)
test-linux-package	Test Built Application (Linux)	2025-10-04T19:08:09.3823992Z Preparing to unpack .../00-bubblewrap_0.9.0-1ubuntu0.1_amd64.deb ...
test-linux-package	Test Built Application (Linux)	2025-10-04T19:08:09.3858528Z Unpacking bubblewrap (0.9.0-1ubuntu0.1) ...
test-linux-package	Test Built Application (Linux)	2025-10-04T19:08:09.4328833Z Selecting previously unselected package libimagequant0:amd64.
test-linux-package	Test Built Application (Linux)	2025-10-04T19:08:09.4480483Z Preparing to unpack .../01-libimagequant0_2.18.0-1build1_amd64.deb ...
test-linux-package	Test Built Application (Linux)	2025-10-04T19:08:09.4499078Z Unpacking libimagequant0:amd64 (2.18.0-1build1) ...
test-linux-package	Test Built Application (Linux)	2025-10-04T19:08:09.4807508Z Selecting previously unselected package libraqm0:amd64.
test-linux-package	Test Built Application (Linux)	2025-10-04T19:08:09.4956592Z Preparing to unpack .../02-libraqm0_0.10.1-1build1_amd64.deb ...
test-linux-package	Test Built Application (Linux)	2025-10-04T19:08:09.4968865Z Unpacking libraqm0:amd64 (0.10.1-1build1) ...
test-linux-package	Test Built Application (Linux)	2025-10-04T19:08:09.5285579Z Selecting previously unselected package python3-pil:amd64.
test-linux-package	Test Built Application (Linux)	2025-10-04T19:08:09.5431277Z Preparing to unpack .../03-python3-pil_10.2.0-1ubuntu1_amd64.deb ...
test-linux-package	Test Built Application (Linux)	2025-10-04T19:08:09.5446397Z Unpacking python3-pil:amd64 (10.2.0-1ubuntu1) ...
test-linux-package	Test Built Application (Linux)	2025-10-04T19:08:09.6254474Z Selecting previously unselected package libwxbase3.2-1t64:amd64.
test-linux-package	Test Built Application (Linux)	2025-10-04T19:08:09.6440400Z Preparing to unpack .../04-libwxbase3.2-1t64_3.2.4+dfsg-4build1_amd64.deb ...
test-linux-package	Test Built Application (Linux)	2025-10-04T19:08:09.6455343Z Unpacking libwxbase3.2-1t64:amd64 (3.2.4+dfsg-4build1) ...
test-linux-package	Test Built Application (Linux)	2025-10-04T19:08:09.6946273Z Selecting previously unselected package libnotify4:amd64.
test-linux-package	Test Built Application (Linux)	2025-10-04T19:08:09.7086916Z Preparing to unpack .../05-libnotify4_0.8.3-1build2_amd64.deb ...
test-linux-package	Test Built Application (Linux)	2025-10-04T19:08:09.7098223Z Unpacking libnotify4:amd64 (0.8.3-1build2) ...
test-linux-package	Test Built Application (Linux)	2025-10-04T19:08:09.7352868Z Selecting previously unselected package libwxgtk3.2-1t64:amd64.
test-linux-package	Test Built Application (Linux)	2025-10-04T19:08:09.7496878Z Preparing to unpack .../06-libwxgtk3.2-1t64_3.2.4+dfsg-4build1_amd64.deb ...
test-linux-package	Test Built Application (Linux)	2025-10-04T19:08:09.7508510Z Unpacking libwxgtk3.2-1t64:amd64 (3.2.4+dfsg-4build1) ...
test-linux-package	Test Built Application (Linux)	2025-10-04T19:08:09.8597902Z Selecting previously unselected package libwxgtk-gl3.2-1t64:amd64.
test-linux-package	Test Built Application (Linux)	2025-10-04T19:08:09.8747812Z Preparing to unpack .../07-libwxgtk-gl3.2-1t64_3.2.4+dfsg-4build1_amd64.deb ...
test-linux-package	Test Built Application (Linux)	2025-10-04T19:08:09.8759636Z Unpacking libwxgtk-gl3.2-1t64:amd64 (3.2.4+dfsg-4build1) ...
test-linux-package	Test Built Application (Linux)	2025-10-04T19:08:09.9061793Z Selecting previously unselected package python3-wxgtk4.0.
test-linux-package	Test Built Application (Linux)	2025-10-04T19:08:09.9204409Z Preparing to unpack .../08-python3-wxgtk4.0_4.2.1+dfsg-3build2_amd64.deb ...
test-linux-package	Test Built Application (Linux)	2025-10-04T19:08:09.9216943Z Unpacking python3-wxgtk4.0 (4.2.1+dfsg-3build2) ...
test-linux-package	Test Built Application (Linux)	2025-10-04T19:08:10.1918026Z Selecting previously unselected package libjavascriptcoregtk-4.1-0:amd64.
test-linux-package	Test Built Application (Linux)	2025-10-04T19:08:10.2070401Z Preparing to unpack .../09-libjavascriptcoregtk-4.1-0_2.48.5-0ubuntu0.24.04.1_amd64.deb ...
test-linux-package	Test Built Application (Linux)	2025-10-04T19:08:10.2081037Z Unpacking libjavascriptcoregtk-4.1-0:amd64 (2.48.5-0ubuntu0.24.04.1) ...
test-linux-package	Test Built Application (Linux)	2025-10-04T19:08:10.3683455Z Selecting previously unselected package libcdparanoia0:amd64.
test-linux-package	Test Built Application (Linux)	2025-10-04T19:08:10.3827911Z Preparing to unpack .../10-libcdparanoia0_3.10.2+debian-14build3_amd64.deb ...
test-linux-package	Test Built Application (Linux)	2025-10-04T19:08:10.3841758Z Unpacking libcdparanoia0:amd64 (3.10.2+debian-14build3) ...
test-linux-package	Test Built Application (Linux)	2025-10-04T19:08:10.4109558Z Selecting previously unselected package liborc-0.4-0t64:amd64.
test-linux-package	Test Built Application (Linux)	2025-10-04T19:08:10.4258153Z Preparing to unpack .../11-liborc-0.4-0t64_1%3a0.4.38-1ubuntu0.1_amd64.deb ...
test-linux-package	Test Built Application (Linux)	2025-10-04T19:08:10.4270924Z Unpacking liborc-0.4-0t64:amd64 (1:0.4.38-1ubuntu0.1) ...
test-linux-package	Test Built Application (Linux)	2025-10-04T19:08:10.4617798Z Selecting previously unselected package libgstreamer-plugins-base1.0-0:amd64.
test-linux-package	Test Built Application (Linux)	2025-10-04T19:08:10.4763531Z Preparing to unpack .../12-libgstreamer-plugins-base1.0-0_1.24.2-1ubuntu0.3_amd64.deb ...
test-linux-package	Test Built Application (Linux)	2025-10-04T19:08:10.4775811Z Unpacking libgstreamer-plugins-base1.0-0:amd64 (1.24.2-1ubuntu0.3) ...
test-linux-package	Test Built Application (Linux)	2025-10-04T19:08:10.5152002Z Selecting previously unselected package libopus0:amd64.
test-linux-package	Test Built Application (Linux)	2025-10-04T19:08:10.5313179Z Preparing to unpack .../13-libopus0_1.4-1build1_amd64.deb ...
test-linux-package	Test Built Application (Linux)	2025-10-04T19:08:10.5324802Z Unpacking libopus0:amd64 (1.4-1build1) ...
test-linux-package	Test Built Application (Linux)	2025-10-04T19:08:10.5662865Z Selecting previously unselected package libtheora0:amd64.
test-linux-package	Test Built Application (Linux)	2025-10-04T19:08:10.5816625Z Preparing to unpack .../14-libtheora0_1.1.1+dfsg.1-16.1build3_amd64.deb ...
test-linux-package	Test Built Application (Linux)	2025-10-04T19:08:10.5831409Z Unpacking libtheora0:amd64 (1.1.1+dfsg.1-16.1build3) ...
test-linux-package	Test Built Application (Linux)	2025-10-04T19:08:10.6130526Z Selecting previously unselected package libvisual-0.4-0:amd64.
test-linux-package	Test Built Application (Linux)	2025-10-04T19:08:10.6286158Z Preparing to unpack .../15-libvisual-0.4-0_0.4.2-2build1_amd64.deb ...
test-linux-package	Test Built Application (Linux)	2025-10-04T19:08:10.6297291Z Unpacking libvisual-0.4-0:amd64 (0.4.2-2build1) ...
test-linux-package	Test Built Application (Linux)	2025-10-04T19:08:10.6638330Z Selecting previously unselected package libvorbisenc2:amd64.
test-linux-package	Test Built Application (Linux)	2025-10-04T19:08:10.6811398Z Preparing to unpack .../16-libvorbisenc2_1.3.7-1build3_amd64.deb ...
test-linux-package	Test Built Application (Linux)	2025-10-04T19:08:10.6835787Z Unpacking libvorbisenc2:amd64 (1.3.7-1build3) ...
test-linux-package	Test Built Application (Linux)	2025-10-04T19:08:10.7107016Z Selecting previously unselected package gstreamer1.0-plugins-base:amd64.
test-linux-package	Test Built Application (Linux)	2025-10-04T19:08:10.7250241Z Preparing to unpack .../17-gstreamer1.0-plugins-base_1.24.2-1ubuntu0.3_amd64.deb ...
test-linux-package	Test Built Application (Linux)	2025-10-04T19:08:10.7265608Z Unpacking gstreamer1.0-plugins-base:amd64 (1.24.2-1ubuntu0.3) ...
test-linux-package	Test Built Application (Linux)	2025-10-04T19:08:10.7670860Z Selecting previously unselected package libaa1:amd64.
test-linux-package	Test Built Application (Linux)	2025-10-04T19:08:10.7815309Z Preparing to unpack .../18-libaa1_1.4p5-51.1_amd64.deb ...
test-linux-package	Test Built Application (Linux)	2025-10-04T19:08:10.7828105Z Unpacking libaa1:amd64 (1.4p5-51.1) ...
test-linux-package	Test Built Application (Linux)	2025-10-04T19:08:10.8096819Z Selecting previously unselected package libraw1394-11:amd64.
test-linux-package	Test Built Application (Linux)	2025-10-04T19:08:10.8246274Z Preparing to unpack .../19-libraw1394-11_2.1.2-2build3_amd64.deb ...
test-linux-package	Test Built Application (Linux)	2025-10-04T19:08:10.8259925Z Unpacking libraw1394-11:amd64 (2.1.2-2build3) ...
test-linux-package	Test Built Application (Linux)	2025-10-04T19:08:10.8515320Z Selecting previously unselected package libavc1394-0:amd64.
test-linux-package	Test Built Application (Linux)	2025-10-04T19:08:10.8668026Z Preparing to unpack .../20-libavc1394-0_0.5.4-5build3_amd64.deb ...
test-linux-package	Test Built Application (Linux)	2025-10-04T19:08:10.8676984Z Unpacking libavc1394-0:amd64 (0.5.4-5build3) ...
test-linux-package	Test Built Application (Linux)	2025-10-04T19:08:10.8918993Z Selecting previously unselected package libcaca0:amd64.
test-linux-package	Test Built Application (Linux)	2025-10-04T19:08:10.9060116Z Preparing to unpack .../21-libcaca0_0.99.beta20-4build2_amd64.deb ...
test-linux-package	Test Built Application (Linux)	2025-10-04T19:08:10.9071344Z Unpacking libcaca0:amd64 (0.99.beta20-4build2) ...
test-linux-package	Test Built Application (Linux)	2025-10-04T19:08:10.9367959Z Selecting previously unselected package libdv4t64:amd64.
test-linux-package	Test Built Application (Linux)	2025-10-04T19:08:10.9514227Z Preparing to unpack .../22-libdv4t64_1.0.0-17.1build1_amd64.deb ...
test-linux-package	Test Built Application (Linux)	2025-10-04T19:08:10.9525319Z Unpacking libdv4t64:amd64 (1.0.0-17.1build1) ...
test-linux-package	Test Built Application (Linux)	2025-10-04T19:08:10.9808816Z Selecting previously unselected package libflac12t64:amd64.
test-linux-package	Test Built Application (Linux)	2025-10-04T19:08:10.9954960Z Preparing to unpack .../23-libflac12t64_1.4.3+ds-2.1ubuntu2_amd64.deb ...
test-linux-package	Test Built Application (Linux)	2025-10-04T19:08:10.9967302Z Unpacking libflac12t64:amd64 (1.4.3+ds-2.1ubuntu2) ...
test-linux-package	Test Built Application (Linux)	2025-10-04T19:08:11.0253513Z Selecting previously unselected package libgstreamer-plugins-good1.0-0:amd64.
test-linux-package	Test Built Application (Linux)	2025-10-04T19:08:11.0408228Z Preparing to unpack .../24-libgstreamer-plugins-good1.0-0_1.24.2-1ubuntu1.2_amd64.deb ...
test-linux-package	Test Built Application (Linux)	2025-10-04T19:08:11.0419510Z Unpacking libgstreamer-plugins-good1.0-0:amd64 (1.24.2-1ubuntu1.2) ...
test-linux-package	Test Built Application (Linux)	2025-10-04T19:08:11.0687741Z Selecting previously unselected package libiec61883-0:amd64.
test-linux-package	Test Built Application (Linux)	2025-10-04T19:08:11.0831681Z Preparing to unpack .../25-libiec61883-0_1.2.0-6build1_amd64.deb ...
test-linux-package	Test Built Application (Linux)	2025-10-04T19:08:11.0843667Z Unpacking libiec61883-0:amd64 (1.2.0-6build1) ...
test-linux-package	Test Built Application (Linux)	2025-10-04T19:08:11.1128357Z Selecting previously unselected package libmp3lame0:amd64.
test-linux-package	Test Built Application (Linux)	2025-10-04T19:08:11.1287166Z Preparing to unpack .../26-libmp3lame0_3.100-6build1_amd64.deb ...
test-linux-package	Test Built Application (Linux)	2025-10-04T19:08:11.1298454Z Unpacking libmp3lame0:amd64 (3.100-6build1) ...
test-linux-package	Test Built Application (Linux)	2025-10-04T19:08:11.1578779Z Selecting previously unselected package libmpg123-0t64:amd64.
test-linux-package	Test Built Application (Linux)	2025-10-04T19:08:11.1721567Z Preparing to unpack .../27-libmpg123-0t64_1.32.5-1ubuntu1.1_amd64.deb ...
test-linux-package	Test Built Application (Linux)	2025-10-04T19:08:11.1772176Z Unpacking libmpg123-0t64:amd64 (1.32.5-1ubuntu1.1) ...
test-linux-package	Test Built Application (Linux)	2025-10-04T19:08:11.2045955Z Selecting previously unselected package libasyncns0:amd64.
test-linux-package	Test Built Application (Linux)	2025-10-04T19:08:11.2189294Z Preparing to unpack .../28-libasyncns0_0.8-6build4_amd64.deb ...
test-linux-package	Test Built Application (Linux)	2025-10-04T19:08:11.2201946Z Unpacking libasyncns0:amd64 (0.8-6build4) ...
test-linux-package	Test Built Application (Linux)	2025-10-04T19:08:11.2457946Z Selecting previously unselected package libsndfile1:amd64.
test-linux-package	Test Built Application (Linux)	2025-10-04T19:08:11.2607294Z Preparing to unpack .../29-libsndfile1_1.2.2-1ubuntu5.24.04.1_amd64.deb ...
test-linux-package	Test Built Application (Linux)	2025-10-04T19:08:11.2620302Z Unpacking libsndfile1:amd64 (1.2.2-1ubuntu5.24.04.1) ...
test-linux-package	Test Built Application (Linux)	2025-10-04T19:08:11.2933157Z Selecting previously unselected package libpulse0:amd64.
test-linux-package	Test Built Application (Linux)	2025-10-04T19:08:11.3081041Z Preparing to unpack .../30-libpulse0_1%3a16.1+dfsg1-2ubuntu10.1_amd64.deb ...
test-linux-package	Test Built Application (Linux)	2025-10-04T19:08:11.3210442Z Unpacking libpulse0:amd64 (1:16.1+dfsg1-2ubuntu10.1) ...
test-linux-package	Test Built Application (Linux)	2025-10-04T19:08:11.3537227Z Selecting previously unselected package libspeex1:amd64.
test-linux-package	Test Built Application (Linux)	2025-10-04T19:08:11.3680625Z Preparing to unpack .../31-libspeex1_1.2.1-2ubuntu2.24.04.1_amd64.deb ...
test-linux-package	Test Built Application (Linux)	2025-10-04T19:08:11.3691324Z Unpacking libspeex1:amd64 (1.2.1-2ubuntu2.24.04.1) ...
test-linux-package	Test Built Application (Linux)	2025-10-04T19:08:11.3956249Z Selecting previously unselected package libshout3:amd64.
test-linux-package	Test Built Application (Linux)	2025-10-04T19:08:11.4096873Z Preparing to unpack .../32-libshout3_2.4.6-1build2_amd64.deb ...
test-linux-package	Test Built Application (Linux)	2025-10-04T19:08:11.4111560Z Unpacking libshout3:amd64 (2.4.6-1build2) ...
test-linux-package	Test Built Application (Linux)	2025-10-04T19:08:11.4351839Z Selecting previously unselected package libtag1v5-vanilla:amd64.
test-linux-package	Test Built Application (Linux)	2025-10-04T19:08:11.4491716Z Preparing to unpack .../33-libtag1v5-vanilla_1.13.1-1build1_amd64.deb ...
test-linux-package	Test Built Application (Linux)	2025-10-04T19:08:11.4502823Z Unpacking libtag1v5-vanilla:amd64 (1.13.1-1build1) ...
test-linux-package	Test Built Application (Linux)	2025-10-04T19:08:11.4820630Z Selecting previously unselected package libtag1v5:amd64.
test-linux-package	Test Built Application (Linux)	2025-10-04T19:08:11.4962665Z Preparing to unpack .../34-libtag1v5_1.13.1-1build1_amd64.deb ...
test-linux-package	Test Built Application (Linux)	2025-10-04T19:08:11.4974071Z Unpacking libtag1v5:amd64 (1.13.1-1build1) ...
test-linux-package	Test Built Application (Linux)	2025-10-04T19:08:11.5218441Z Selecting previously unselected package libtwolame0:amd64.
test-linux-package	Test Built Application (Linux)	2025-10-04T19:08:11.5363485Z Preparing to unpack .../35-libtwolame0_0.4.0-2build3_amd64.deb ...
test-linux-package	Test Built Application (Linux)	2025-10-04T19:08:11.5376066Z Unpacking libtwolame0:amd64 (0.4.0-2build3) ...
test-linux-package	Test Built Application (Linux)	2025-10-04T19:08:11.5625516Z Selecting previously unselected package libv4lconvert0t64:amd64.
test-linux-package	Test Built Application (Linux)	2025-10-04T19:08:11.5780041Z Preparing to unpack .../36-libv4lconvert0t64_1.26.1-4build3_amd64.deb ...
test-linux-package	Test Built Application (Linux)	2025-10-04T19:08:11.5791531Z Unpacking libv4lconvert0t64:amd64 (1.26.1-4build3) ...
test-linux-package	Test Built Application (Linux)	2025-10-04T19:08:11.6052563Z Selecting previously unselected package libv4l-0t64:amd64.
test-linux-package	Test Built Application (Linux)	2025-10-04T19:08:11.6210886Z Preparing to unpack .../37-libv4l-0t64_1.26.1-4build3_amd64.deb ...
test-linux-package	Test Built Application (Linux)	2025-10-04T19:08:11.6225890Z Unpacking libv4l-0t64:amd64 (1.26.1-4build3) ...
test-linux-package	Test Built Application (Linux)	2025-10-04T19:08:11.6544717Z Selecting previously unselected package libvpx9:amd64.
test-linux-package	Test Built Application (Linux)	2025-10-04T19:08:11.6705005Z Preparing to unpack .../38-libvpx9_1.14.0-1ubuntu2.2_amd64.deb ...
test-linux-package	Test Built Application (Linux)	2025-10-04T19:08:11.6716700Z Unpacking libvpx9:amd64 (1.14.0-1ubuntu2.2) ...
test-linux-package	Test Built Application (Linux)	2025-10-04T19:08:11.7154781Z Selecting previously unselected package libwavpack1:amd64.
test-linux-package	Test Built Application (Linux)	2025-10-04T19:08:11.7295329Z Preparing to unpack .../39-libwavpack1_5.6.0-1build1_amd64.deb ...
test-linux-package	Test Built Application (Linux)	2025-10-04T19:08:11.7306927Z Unpacking libwavpack1:amd64 (5.6.0-1build1) ...
test-linux-package	Test Built Application (Linux)	2025-10-04T19:08:11.7588119Z Selecting previously unselected package libproxy1v5:amd64.
test-linux-package	Test Built Application (Linux)	2025-10-04T19:08:11.7730697Z Preparing to unpack .../40-libproxy1v5_0.5.4-4build1_amd64.deb ...
test-linux-package	Test Built Application (Linux)	2025-10-04T19:08:11.7742678Z Unpacking libproxy1v5:amd64 (0.5.4-4build1) ...
test-linux-package	Test Built Application (Linux)	2025-10-04T19:08:11.7983103Z Selecting previously unselected package glib-networking-common.
test-linux-package	Test Built Application (Linux)	2025-10-04T19:08:11.8126750Z Preparing to unpack .../41-glib-networking-common_2.80.0-1build1_all.deb ...
test-linux-package	Test Built Application (Linux)	2025-10-04T19:08:11.8138611Z Unpacking glib-networking-common (2.80.0-1build1) ...
test-linux-package	Test Built Application (Linux)	2025-10-04T19:08:11.8402672Z Selecting previously unselected package glib-networking-services.
test-linux-package	Test Built Application (Linux)	2025-10-04T19:08:11.8541685Z Preparing to unpack .../42-glib-networking-services_2.80.0-1build1_amd64.deb ...
test-linux-package	Test Built Application (Linux)	2025-10-04T19:08:11.8551993Z Unpacking glib-networking-services (2.80.0-1build1) ...
test-linux-package	Test Built Application (Linux)	2025-10-04T19:08:11.8845164Z Selecting previously unselected package session-migration.
test-linux-package	Test Built Application (Linux)	2025-10-04T19:08:11.8987103Z Preparing to unpack .../43-session-migration_0.3.9build1_amd64.deb ...
test-linux-package	Test Built Application (Linux)	2025-10-04T19:08:11.8997512Z Unpacking session-migration (0.3.9build1) ...
test-linux-package	Test Built Application (Linux)	2025-10-04T19:08:11.9320420Z Selecting previously unselected package gsettings-desktop-schemas.
test-linux-package	Test Built Application (Linux)	2025-10-04T19:08:11.9465388Z Preparing to unpack .../44-gsettings-desktop-schemas_46.1-0ubuntu1_all.deb ...
test-linux-package	Test Built Application (Linux)	2025-10-04T19:08:11.9479835Z Unpacking gsettings-desktop-schemas (46.1-0ubuntu1) ...
test-linux-package	Test Built Application (Linux)	2025-10-04T19:08:11.9987042Z Selecting previously unselected package glib-networking:amd64.
test-linux-package	Test Built Application (Linux)	2025-10-04T19:08:12.0135548Z Preparing to unpack .../45-glib-networking_2.80.0-1build1_amd64.deb ...
test-linux-package	Test Built Application (Linux)	2025-10-04T19:08:12.0147738Z Unpacking glib-networking:amd64 (2.80.0-1build1) ...
test-linux-package	Test Built Application (Linux)	2025-10-04T19:08:12.0410201Z Selecting previously unselected package libsoup-3.0-common.
test-linux-package	Test Built Application (Linux)	2025-10-04T19:08:12.0553017Z Preparing to unpack .../46-libsoup-3.0-common_3.4.4-5ubuntu0.5_all.deb ...
test-linux-package	Test Built Application (Linux)	2025-10-04T19:08:12.0566009Z Unpacking libsoup-3.0-common (3.4.4-5ubuntu0.5) ...
test-linux-package	Test Built Application (Linux)	2025-10-04T19:08:12.0824466Z Selecting previously unselected package libsoup-3.0-0:amd64.
test-linux-package	Test Built Application (Linux)	2025-10-04T19:08:12.0963686Z Preparing to unpack .../47-libsoup-3.0-0_3.4.4-5ubuntu0.5_amd64.deb ...
test-linux-package	Test Built Application (Linux)	2025-10-04T19:08:12.0978507Z Unpacking libsoup-3.0-0:amd64 (3.4.4-5ubuntu0.5) ...
test-linux-package	Test Built Application (Linux)	2025-10-04T19:08:12.1249600Z Selecting previously unselected package gstreamer1.0-plugins-good:amd64.
test-linux-package	Test Built Application (Linux)	2025-10-04T19:08:12.1392652Z Preparing to unpack .../48-gstreamer1.0-plugins-good_1.24.2-1ubuntu1.2_amd64.deb ...
test-linux-package	Test Built Application (Linux)	2025-10-04T19:08:12.1406517Z Unpacking gstreamer1.0-plugins-good:amd64 (1.24.2-1ubuntu1.2) ...
test-linux-package	Test Built Application (Linux)	2025-10-04T19:08:12.2079067Z Selecting previously unselected package libgles2:amd64.
test-linux-package	Test Built Application (Linux)	2025-10-04T19:08:12.2220907Z Preparing to unpack .../49-libgles2_1.7.0-1build1_amd64.deb ...
test-linux-package	Test Built Application (Linux)	2025-10-04T19:08:12.2233378Z Unpacking libgles2:amd64 (1.7.0-1build1) ...
test-linux-package	Test Built Application (Linux)	2025-10-04T19:08:12.2471492Z Selecting previously unselected package xdg-dbus-proxy.
test-linux-package	Test Built Application (Linux)	2025-10-04T19:08:12.2618934Z Preparing to unpack .../50-xdg-dbus-proxy_0.1.5-1build2_amd64.deb ...
test-linux-package	Test Built Application (Linux)	2025-10-04T19:08:12.2630448Z Unpacking xdg-dbus-proxy (0.1.5-1build2) ...
test-linux-package	Test Built Application (Linux)	2025-10-04T19:08:12.2994247Z Selecting previously unselected package libegl-mesa0:amd64.
test-linux-package	Test Built Application (Linux)	2025-10-04T19:08:12.3136836Z Preparing to unpack .../51-libegl-mesa0_25.0.7-0ubuntu0.24.04.2_amd64.deb ...
test-linux-package	Test Built Application (Linux)	2025-10-04T19:08:12.3148807Z Unpacking libegl-mesa0:amd64 (25.0.7-0ubuntu0.24.04.2) ...
test-linux-package	Test Built Application (Linux)	2025-10-04T19:08:12.3460381Z Selecting previously unselected package libegl1:amd64.
test-linux-package	Test Built Application (Linux)	2025-10-04T19:08:12.3608950Z Preparing to unpack .../52-libegl1_1.7.0-1build1_amd64.deb ...
test-linux-package	Test Built Application (Linux)	2025-10-04T19:08:12.3623050Z Unpacking libegl1:amd64 (1.7.0-1build1) ...
test-linux-package	Test Built Application (Linux)	2025-10-04T19:08:12.3963281Z Selecting previously unselected package libgstreamer-gl1.0-0:amd64.
test-linux-package	Test Built Application (Linux)	2025-10-04T19:08:12.4110581Z Preparing to unpack .../53-libgstreamer-gl1.0-0_1.24.2-1ubuntu0.3_amd64.deb ...
test-linux-package	Test Built Application (Linux)	2025-10-04T19:08:12.4125104Z Unpacking libgstreamer-gl1.0-0:amd64 (1.24.2-1ubuntu0.3) ...
test-linux-package	Test Built Application (Linux)	2025-10-04T19:08:12.4409994Z Selecting previously unselected package libharfbuzz-icu0:amd64.
test-linux-package	Test Built Application (Linux)	2025-10-04T19:08:12.4559296Z Preparing to unpack .../54-libharfbuzz-icu0_8.3.0-2build2_amd64.deb ...
test-linux-package	Test Built Application (Linux)	2025-10-04T19:08:12.4571194Z Unpacking libharfbuzz-icu0:amd64 (8.3.0-2build2) ...
test-linux-package	Test Built Application (Linux)	2025-10-04T19:08:12.4838365Z Selecting previously unselected package libhyphen0:amd64.
test-linux-package	Test Built Application (Linux)	2025-10-04T19:08:12.4988206Z Preparing to unpack .../55-libhyphen0_2.8.8-7build3_amd64.deb ...
test-linux-package	Test Built Application (Linux)	2025-10-04T19:08:12.5000953Z Unpacking libhyphen0:amd64 (2.8.8-7build3) ...
test-linux-package	Test Built Application (Linux)	2025-10-04T19:08:12.5254694Z Selecting previously unselected package libmanette-0.2-0:amd64.
test-linux-package	Test Built Application (Linux)	2025-10-04T19:08:12.5404856Z Preparing to unpack .../56-libmanette-0.2-0_0.2.7-1build2_amd64.deb ...
test-linux-package	Test Built Application (Linux)	2025-10-04T19:08:12.5486227Z Unpacking libmanette-0.2-0:amd64 (0.2.7-1build2) ...
test-linux-package	Test Built Application (Linux)	2025-10-04T19:08:12.5686221Z Selecting previously unselected package libsecret-common.
test-linux-package	Test Built Application (Linux)	2025-10-04T19:08:12.5853220Z Preparing to unpack .../57-libsecret-common_0.21.4-1build3_all.deb ...
test-linux-package	Test Built Application (Linux)	2025-10-04T19:08:12.5873195Z Unpacking libsecret-common (0.21.4-1build3) ...
test-linux-package	Test Built Application (Linux)	2025-10-04T19:08:12.6131739Z Selecting previously unselected package libsecret-1-0:amd64.
test-linux-package	Test Built Application (Linux)	2025-10-04T19:08:12.6281310Z Preparing to unpack .../58-libsecret-1-0_0.21.4-1build3_amd64.deb ...
test-linux-package	Test Built Application (Linux)	2025-10-04T19:08:12.6294991Z Unpacking libsecret-1-0:amd64 (0.21.4-1build3) ...
test-linux-package	Test Built Application (Linux)	2025-10-04T19:08:12.6630801Z Selecting previously unselected package libwoff1:amd64.
test-linux-package	Test Built Application (Linux)	2025-10-04T19:08:12.6799386Z Preparing to unpack .../59-libwoff1_1.0.2-2build1_amd64.deb ...
test-linux-package	Test Built Application (Linux)	2025-10-04T19:08:12.6828884Z Unpacking libwoff1:amd64 (1.0.2-2build1) ...
test-linux-package	Test Built Application (Linux)	2025-10-04T19:08:12.7110306Z Selecting previously unselected package libwebkit2gtk-4.1-0:amd64.
test-linux-package	Test Built Application (Linux)	2025-10-04T19:08:12.7255724Z Preparing to unpack .../60-libwebkit2gtk-4.1-0_2.48.5-0ubuntu0.24.04.1_amd64.deb ...
test-linux-package	Test Built Application (Linux)	2025-10-04T19:08:12.7266339Z Unpacking libwebkit2gtk-4.1-0:amd64 (2.48.5-0ubuntu0.24.04.1) ...
test-linux-package	Test Built Application (Linux)	2025-10-04T19:08:13.1471853Z Selecting previously unselected package libwxgtk-webview3.2-1t64:amd64.
test-linux-package	Test Built Application (Linux)	2025-10-04T19:08:13.1615620Z Preparing to unpack .../61-libwxgtk-webview3.2-1t64_3.2.4+dfsg-4build1_amd64.deb ...
test-linux-package	Test Built Application (Linux)	2025-10-04T19:08:13.1627077Z Unpacking libwxgtk-webview3.2-1t64:amd64 (3.2.4+dfsg-4build1) ...
test-linux-package	Test Built Application (Linux)	2025-10-04T19:08:13.1963281Z Selecting previously unselected package python3-wxgtk-webview4.0.
test-linux-package	Test Built Application (Linux)	2025-10-04T19:08:13.2107922Z Preparing to unpack .../62-python3-wxgtk-webview4.0_4.2.1+dfsg-3build2_amd64.deb ...
test-linux-package	Test Built Application (Linux)	2025-10-04T19:08:13.2120698Z Unpacking python3-wxgtk-webview4.0 (4.2.1+dfsg-3build2) ...
test-linux-package	Test Built Application (Linux)	2025-10-04T19:08:13.2370820Z Selecting previously unselected package devildex.
test-linux-package	Test Built Application (Linux)	2025-10-04T19:08:13.2509741Z Preparing to unpack .../63-devildex_0.2.1-1_all.deb ...
test-linux-package	Test Built Application (Linux)	2025-10-04T19:08:13.2518293Z Unpacking devildex (0.2.1-1) ...
test-linux-package	Test Built Application (Linux)	2025-10-04T19:08:13.2743499Z Selecting previously unselected package libgraphene-1.0-0:amd64.
test-linux-package	Test Built Application (Linux)	2025-10-04T19:08:13.2887680Z Preparing to unpack .../64-libgraphene-1.0-0_1.10.8-3build2_amd64.deb ...
test-linux-package	Test Built Application (Linux)	2025-10-04T19:08:13.2896814Z Unpacking libgraphene-1.0-0:amd64 (1.10.8-3build2) ...
test-linux-package	Test Built Application (Linux)	2025-10-04T19:08:13.3116998Z Selecting previously unselected package gstreamer1.0-gl:amd64.
test-linux-package	Test Built Application (Linux)	2025-10-04T19:08:13.3254912Z Preparing to unpack .../65-gstreamer1.0-gl_1.24.2-1ubuntu0.3_amd64.deb ...
test-linux-package	Test Built Application (Linux)	2025-10-04T19:08:13.3264453Z Unpacking gstreamer1.0-gl:amd64 (1.24.2-1ubuntu0.3) ...
test-linux-package	Test Built Application (Linux)	2025-10-04T19:08:13.3563145Z Selecting previously unselected package libxv1:amd64.
test-linux-package	Test Built Application (Linux)	2025-10-04T19:08:13.3703553Z Preparing to unpack .../66-libxv1_2%3a1.0.11-1.1build1_amd64.deb ...
test-linux-package	Test Built Application (Linux)	2025-10-04T19:08:13.3713359Z Unpacking libxv1:amd64 (2:1.0.11-1.1build1) ...
test-linux-package	Test Built Application (Linux)	2025-10-04T19:08:13.3928260Z Selecting previously unselected package gstreamer1.0-x:amd64.
test-linux-package	Test Built Application (Linux)	2025-10-04T19:08:13.4065027Z Preparing to unpack .../67-gstreamer1.0-x_1.24.2-1ubuntu0.3_amd64.deb ...
test-linux-package	Test Built Application (Linux)	2025-10-04T19:08:13.4073552Z Unpacking gstreamer1.0-x:amd64 (1.24.2-1ubuntu0.3) ...
test-linux-package	Test Built Application (Linux)	2025-10-04T19:08:13.4349180Z Selecting previously unselected package libwebrtc-audio-processing1:amd64.
test-linux-package	Test Built Application (Linux)	2025-10-04T19:08:13.4490107Z Preparing to unpack .../68-libwebrtc-audio-processing1_0.3.1-0ubuntu6_amd64.deb ...
test-linux-package	Test Built Application (Linux)	2025-10-04T19:08:13.4500331Z Unpacking libwebrtc-audio-processing1:amd64 (0.3.1-0ubuntu6) ...
test-linux-package	Test Built Application (Linux)	2025-10-04T19:08:13.4748036Z Selecting previously unselected package libspa-0.2-modules:amd64.
test-linux-package	Test Built Application (Linux)	2025-10-04T19:08:13.4891925Z Preparing to unpack .../69-libspa-0.2-modules_1.0.5-1ubuntu3.1_amd64.deb ...
test-linux-package	Test Built Application (Linux)	2025-10-04T19:08:13.4901546Z Unpacking libspa-0.2-modules:amd64 (1.0.5-1ubuntu3.1) ...
test-linux-package	Test Built Application (Linux)	2025-10-04T19:08:13.5407438Z Selecting previously unselected package libpipewire-0.3-0t64:amd64.
test-linux-package	Test Built Application (Linux)	2025-10-04T19:08:13.5560833Z Preparing to unpack .../70-libpipewire-0.3-0t64_1.0.5-1ubuntu3.1_amd64.deb ...
test-linux-package	Test Built Application (Linux)	2025-10-04T19:08:13.5574685Z Unpacking libpipewire-0.3-0t64:amd64 (1.0.5-1ubuntu3.1) ...
test-linux-package	Test Built Application (Linux)	2025-10-04T19:08:13.5857734Z Selecting previously unselected package libpipewire-0.3-common.
test-linux-package	Test Built Application (Linux)	2025-10-04T19:08:13.6003572Z Preparing to unpack .../71-libpipewire-0.3-common_1.0.5-1ubuntu3.1_all.deb ...
test-linux-package	Test Built Application (Linux)	2025-10-04T19:08:13.6015460Z Unpacking libpipewire-0.3-common (1.0.5-1ubuntu3.1) ...
test-linux-package	Test Built Application (Linux)	2025-10-04T19:08:13.6262555Z Selecting previously unselected package python3-olefile.
test-linux-package	Test Built Application (Linux)	2025-10-04T19:08:13.6436680Z Preparing to unpack .../72-python3-olefile_0.46-3_all.deb ...
test-linux-package	Test Built Application (Linux)	2025-10-04T19:08:13.6445405Z Unpacking python3-olefile (0.46-3) ...
test-linux-package	Test Built Application (Linux)	2025-10-04T19:08:13.6746225Z Selecting previously unselected package xdg-desktop-portal.
test-linux-package	Test Built Application (Linux)	2025-10-04T19:08:13.6921948Z Preparing to unpack .../73-xdg-desktop-portal_1.18.4-1ubuntu2.24.04.1_amd64.deb ...
test-linux-package	Test Built Application (Linux)	2025-10-04T19:08:13.6932177Z Unpacking xdg-desktop-portal (1.18.4-1ubuntu2.24.04.1) ...
test-linux-package	Test Built Application (Linux)	2025-10-04T19:08:13.7320783Z Selecting previously unselected package xdg-desktop-portal-gtk.
test-linux-package	Test Built Application (Linux)	2025-10-04T19:08:13.7462267Z Preparing to unpack .../74-xdg-desktop-portal-gtk_1.15.1-1build2_amd64.deb ...
test-linux-package	Test Built Application (Linux)	2025-10-04T19:08:13.7470957Z Unpacking xdg-desktop-portal-gtk (1.15.1-1build2) ...
test-linux-package	Test Built Application (Linux)	2025-10-04T19:08:13.7985592Z Setting up libpipewire-0.3-common (1.0.5-1ubuntu3.1) ...
test-linux-package	Test Built Application (Linux)	2025-10-04T19:08:13.8014059Z Setting up bubblewrap (0.9.0-1ubuntu0.1) ...
test-linux-package	Test Built Application (Linux)	2025-10-04T19:08:13.8065479Z Setting up libcdparanoia0:amd64 (3.10.2+debian-14build3) ...
test-linux-package	Test Built Application (Linux)	2025-10-04T19:08:13.8087895Z Setting up session-migration (0.3.9build1) ...
test-linux-package	Test Built Application (Linux)	2025-10-04T19:08:13.9465269Z Created symlink /etc/systemd/user/graphical-session-pre.target.wants/session-migration.service â /usr/lib/systemd/user/session-migration.service.
test-linux-package	Test Built Application (Linux)	2025-10-04T19:08:13.9466001Z 
test-linux-package	Test Built Application (Linux)	2025-10-04T19:08:13.9466168Z Setting up libraw1394-11:amd64 (2.1.2-2build3) ...
test-linux-package	Test Built Application (Linux)	2025-10-04T19:08:13.9466582Z Setting up libproxy1v5:amd64 (0.5.4-4build1) ...
test-linux-package	Test Built Application (Linux)	2025-10-04T19:08:13.9467185Z Setting up libtag1v5-vanilla:amd64 (1.13.1-1build1) ...
test-linux-package	Test Built Application (Linux)	2025-10-04T19:08:13.9467548Z Setting up libharfbuzz-icu0:amd64 (8.3.0-2build2) ...
test-linux-package	Test Built Application (Linux)	2025-10-04T19:08:13.9484719Z Setting up libspeex1:amd64 (1.2.1-2ubuntu2.24.04.1) ...
test-linux-package	Test Built Application (Linux)	2025-10-04T19:08:13.9507403Z Setting up libcaca0:amd64 (0.99.beta20-4build2) ...
test-linux-package	Test Built Application (Linux)	2025-10-04T19:08:13.9527872Z Setting up libv4lconvert0t64:amd64 (1.26.1-4build3) ...
test-linux-package	Test Built Application (Linux)	2025-10-04T19:08:13.9550480Z Setting up libtwolame0:amd64 (0.4.0-2build3) ...
test-linux-package	Test Built Application (Linux)	2025-10-04T19:08:13.9575730Z Setting up libwoff1:amd64 (1.0.2-2build1) ...
test-linux-package	Test Built Application (Linux)	2025-10-04T19:08:13.9598386Z Setting up libhyphen0:amd64 (2.8.8-7build3) ...
test-linux-package	Test Built Application (Linux)	2025-10-04T19:08:13.9621551Z Setting up libvisual-0.4-0:amd64 (0.4.2-2build1) ...
test-linux-package	Test Built Application (Linux)	2025-10-04T19:08:13.9642873Z Setting up python3-olefile (0.46-3) ...
test-linux-package	Test Built Application (Linux)	2025-10-04T19:08:14.1134066Z Setting up libmanette-0.2-0:amd64 (0.2.7-1build2) ...
test-linux-package	Test Built Application (Linux)	2025-10-04T19:08:14.1156544Z Setting up libwebrtc-audio-processing1:amd64 (0.3.1-0ubuntu6) ...
test-linux-package	Test Built Application (Linux)	2025-10-04T19:08:14.1179755Z Setting up libsoup-3.0-common (3.4.4-5ubuntu0.5) ...
test-linux-package	Test Built Application (Linux)	2025-10-04T19:08:14.1201777Z Setting up libmpg123-0t64:amd64 (1.32.5-1ubuntu1.1) ...
test-linux-package	Test Built Application (Linux)	2025-10-04T19:08:14.1224653Z Setting up liborc-0.4-0t64:amd64 (1:0.4.38-1ubuntu0.1) ...
test-linux-package	Test Built Application (Linux)	2025-10-04T19:08:14.1248167Z Setting up libegl-mesa0:amd64 (25.0.7-0ubuntu0.24.04.2) ...
test-linux-package	Test Built Application (Linux)	2025-10-04T19:08:14.1269817Z Setting up libjavascriptcoregtk-4.1-0:amd64 (2.48.5-0ubuntu0.24.04.1) ...
test-linux-package	Test Built Application (Linux)	2025-10-04T19:08:14.1290726Z Setting up libgles2:amd64 (1.7.0-1build1) ...
test-linux-package	Test Built Application (Linux)	2025-10-04T19:08:14.1315188Z Setting up libspa-0.2-modules:amd64 (1.0.5-1ubuntu3.1) ...
test-linux-package	Test Built Application (Linux)	2025-10-04T19:08:14.1337079Z Setting up libnotify4:amd64 (0.8.3-1build2) ...
test-linux-package	Test Built Application (Linux)	2025-10-04T19:08:14.1360566Z Setting up libraqm0:amd64 (0.10.1-1build1) ...
test-linux-package	Test Built Application (Linux)	2025-10-04T19:08:14.1383063Z Setting up libopus0:amd64 (1.4-1build1) ...
test-linux-package	Test Built Application (Linux)	2025-10-04T19:08:14.1404625Z Setting up libimagequant0:amd64 (2.18.0-1build1) ...
test-linux-package	Test Built Application (Linux)	2025-10-04T19:08:14.1429594Z Setting up libxv1:amd64 (2:1.0.11-1.1build1) ...
test-linux-package	Test Built Application (Linux)	2025-10-04T19:08:14.1453965Z Setting up libdv4t64:amd64 (1.0.0-17.1build1) ...
test-linux-package	Test Built Application (Linux)	2025-10-04T19:08:14.1476620Z Setting up libv4l-0t64:amd64 (1.26.1-4build3) ...
test-linux-package	Test Built Application (Linux)	2025-10-04T19:08:14.1501190Z Setting up xdg-dbus-proxy (0.1.5-1build2) ...
test-linux-package	Test Built Application (Linux)	2025-10-04T19:08:14.1535389Z Setting up libvpx9:amd64 (1.14.0-1ubuntu2.2) ...
test-linux-package	Test Built Application (Linux)	2025-10-04T19:08:14.1565234Z Setting up libtag1v5:amd64 (1.13.1-1build1) ...
test-linux-package	Test Built Application (Linux)	2025-10-04T19:08:14.1589152Z Setting up libasyncns0:amd64 (0.8-6build4) ...
test-linux-package	Test Built Application (Linux)	2025-10-04T19:08:14.1611218Z Setting up libwavpack1:amd64 (5.6.0-1build1) ...
test-linux-package	Test Built Application (Linux)	2025-10-04T19:08:14.1633609Z Setting up libtheora0:amd64 (1.1.1+dfsg.1-16.1build3) ...
test-linux-package	Test Built Application (Linux)	2025-10-04T19:08:14.1659140Z Setting up libegl1:amd64 (1.7.0-1build1) ...
test-linux-package	Test Built Application (Linux)	2025-10-04T19:08:14.1682990Z Setting up libflac12t64:amd64 (1.4.3+ds-2.1ubuntu2) ...
test-linux-package	Test Built Application (Linux)	2025-10-04T19:08:14.1707712Z Setting up libwxbase3.2-1t64:amd64 (3.2.4+dfsg-4build1) ...
test-linux-package	Test Built Application (Linux)	2025-10-04T19:08:14.1734179Z Setting up glib-networking-common (2.80.0-1build1) ...
test-linux-package	Test Built Application (Linux)	2025-10-04T19:08:14.1758673Z Setting up libpipewire-0.3-0t64:amd64 (1.0.5-1ubuntu3.1) ...
test-linux-package	Test Built Application (Linux)	2025-10-04T19:08:14.1782682Z Setting up libwxgtk3.2-1t64:amd64 (3.2.4+dfsg-4build1) ...
test-linux-package	Test Built Application (Linux)	2025-10-04T19:08:14.1809580Z Setting up libsecret-common (0.21.4-1build3) ...
test-linux-package	Test Built Application (Linux)	2025-10-04T19:08:14.1836686Z Setting up libmp3lame0:amd64 (3.100-6build1) ...
test-linux-package	Test Built Application (Linux)	2025-10-04T19:08:14.1861640Z Setting up libgraphene-1.0-0:amd64 (1.10.8-3build2) ...
test-linux-package	Test Built Application (Linux)	2025-10-04T19:08:14.1889647Z Setting up libvorbisenc2:amd64 (1.3.7-1build3) ...
test-linux-package	Test Built Application (Linux)	2025-10-04T19:08:14.1913364Z Setting up libaa1:amd64 (1.4p5-51.1) ...
test-linux-package	Test Built Application (Linux)	2025-10-04T19:08:14.1938116Z Setting up libiec61883-0:amd64 (1.2.0-6build1) ...
test-linux-package	Test Built Application (Linux)	2025-10-04T19:08:14.1961054Z Setting up libavc1394-0:amd64 (0.5.4-5build3) ...
test-linux-package	Test Built Application (Linux)	2025-10-04T19:08:14.1988048Z Setting up gsettings-desktop-schemas (46.1-0ubuntu1) ...
test-linux-package	Test Built Application (Linux)	2025-10-04T19:08:14.2017403Z Setting up glib-networking-services (2.80.0-1build1) ...
test-linux-package	Test Built Application (Linux)	2025-10-04T19:08:14.2040857Z Setting up libwxgtk-gl3.2-1t64:amd64 (3.2.4+dfsg-4build1) ...
test-linux-package	Test Built Application (Linux)	2025-10-04T19:08:14.2064617Z Setting up xdg-desktop-portal (1.18.4-1ubuntu2.24.04.1) ...
test-linux-package	Test Built Application (Linux)	2025-10-04T19:08:14.3140552Z Created symlink /etc/systemd/user/graphical-session-pre.target.wants/xdg-desktop-portal-rewrite-launchers.service â /usr/lib/systemd/user/xdg-desktop-portal-rewrite-launchers.service.
test-linux-package	Test Built Application (Linux)	2025-10-04T19:08:14.3141852Z 
test-linux-package	Test Built Application (Linux)	2025-10-04T19:08:14.3174257Z Setting up libgstreamer-plugins-base1.0-0:amd64 (1.24.2-1ubuntu0.3) ...
test-linux-package	Test Built Application (Linux)	2025-10-04T19:08:14.3197963Z Setting up python3-pil:amd64 (10.2.0-1ubuntu1) ...
test-linux-package	Test Built Application (Linux)	2025-10-04T19:08:14.6079463Z Setting up libsecret-1-0:amd64 (0.21.4-1build3) ...
test-linux-package	Test Built Application (Linux)	2025-10-04T19:08:14.6100231Z Setting up libgstreamer-plugins-good1.0-0:amd64 (1.24.2-1ubuntu1.2) ...
test-linux-package	Test Built Application (Linux)	2025-10-04T19:08:14.6125280Z Setting up libgstreamer-gl1.0-0:amd64 (1.24.2-1ubuntu0.3) ...
test-linux-package	Test Built Application (Linux)	2025-10-04T19:08:14.6149269Z Setting up gstreamer1.0-plugins-base:amd64 (1.24.2-1ubuntu0.3) ...
test-linux-package	Test Built Application (Linux)	2025-10-04T19:08:14.6180834Z Setting up libshout3:amd64 (2.4.6-1build2) ...
test-linux-package	Test Built Application (Linux)	2025-10-04T19:08:14.6205399Z Setting up libsndfile1:amd64 (1.2.2-1ubuntu5.24.04.1) ...
test-linux-package	Test Built Application (Linux)	2025-10-04T19:08:14.6229618Z Setting up gstreamer1.0-gl:amd64 (1.24.2-1ubuntu0.3) ...
test-linux-package	Test Built Application (Linux)	2025-10-04T19:08:14.6255549Z Setting up gstreamer1.0-x:amd64 (1.24.2-1ubuntu0.3) ...
test-linux-package	Test Built Application (Linux)	2025-10-04T19:08:14.6279179Z Setting up libpulse0:amd64 (1:16.1+dfsg1-2ubuntu10.1) ...
test-linux-package	Test Built Application (Linux)	2025-10-04T19:08:14.6384311Z Setting up python3-wxgtk4.0 (4.2.1+dfsg-3build2) ...
test-linux-package	Test Built Application (Linux)	2025-10-04T19:08:15.8988992Z Processing triggers for libc-bin (2.39-0ubuntu8.6) ...
test-linux-package	Test Built Application (Linux)	2025-10-04T19:08:15.9671174Z Processing triggers for man-db (2.12.0-4build2) ...
test-linux-package	Test Built Application (Linux)	2025-10-04T19:09:01.3734415Z Processing triggers for libglib2.0-0t64:amd64 (2.80.0-6ubuntu3.4) ...
test-linux-package	Test Built Application (Linux)	2025-10-04T19:09:01.4303395Z Setting up glib-networking:amd64 (2.80.0-1build1) ...
test-linux-package	Test Built Application (Linux)	2025-10-04T19:09:01.4338430Z Setting up xdg-desktop-portal-gtk (1.15.1-1build2) ...
test-linux-package	Test Built Application (Linux)	2025-10-04T19:09:01.4428069Z Setting up libsoup-3.0-0:amd64 (3.4.4-5ubuntu0.5) ...
test-linux-package	Test Built Application (Linux)	2025-10-04T19:09:01.4522417Z Setting up gstreamer1.0-plugins-good:amd64 (1.24.2-1ubuntu1.2) ...
test-linux-package	Test Built Application (Linux)	2025-10-04T19:09:01.4599960Z Setting up libwebkit2gtk-4.1-0:amd64 (2.48.5-0ubuntu0.24.04.1) ...
test-linux-package	Test Built Application (Linux)	2025-10-04T19:09:01.4680135Z Setting up libwxgtk-webview3.2-1t64:amd64 (3.2.4+dfsg-4build1) ...
test-linux-package	Test Built Application (Linux)	2025-10-04T19:09:01.4743651Z Setting up python3-wxgtk-webview4.0 (4.2.1+dfsg-3build2) ...
test-linux-package	Test Built Application (Linux)	2025-10-04T19:09:01.5948465Z Setting up devildex (0.2.1-1) ...
test-linux-package	Test Built Application (Linux)	2025-10-04T19:09:01.5978798Z Processing triggers for libc-bin (2.39-0ubuntu8.6) ...
test-linux-package	Test Built Application (Linux)	2025-10-04T19:09:02.6459465Z 
test-linux-package	Test Built Application (Linux)	2025-10-04T19:09:02.6460059Z Running kernel seems to be up-to-date.
test-linux-package	Test Built Application (Linux)	2025-10-04T19:09:02.6460481Z 
test-linux-package	Test Built Application (Linux)	2025-10-04T19:09:02.6460633Z Restarting services...
test-linux-package	Test Built Application (Linux)	2025-10-04T19:09:02.6550214Z 
test-linux-package	Test Built Application (Linux)	2025-10-04T19:09:02.6550575Z Service restarts being deferred:
test-linux-package	Test Built Application (Linux)	2025-10-04T19:09:02.6552731Z  systemctl restart hosted-compute-agent.service
test-linux-package	Test Built Application (Linux)	2025-10-04T19:09:02.6553051Z 
test-linux-package	Test Built Application (Linux)	2025-10-04T19:09:02.6553435Z No containers need to be restarted.
test-linux-package	Test Built Application (Linux)	2025-10-04T19:09:02.6553721Z 
test-linux-package	Test Built Application (Linux)	2025-10-04T19:09:02.6554077Z No user sessions are running outdated binaries.
test-linux-package	Test Built Application (Linux)	2025-10-04T19:09:02.6554396Z 
test-linux-package	Test Built Application (Linux)	2025-10-04T19:09:02.6554693Z No VM guests are running outdated hypervisor (qemu) binaries on this host.
test-linux-package	Test Built Application (Linux)	2025-10-04T19:09:03.9109348Z /home/runner/work/_temp/ab821718-05d9-4123-ba65-b1fb3475b256.sh: line 4: devildex: command not found
test-linux-package	Test Built Application (Linux)	2025-10-04T19:09:33.9218802Z Application exited prematurely.
test-linux-package	Test Built Application (Linux)	2025-10-04T19:09:33.9239946Z ##[error]Process completed with exit code 1.
test-linux-package	Complete job	ï»¿2025-10-04T19:09:33.9311146Z Cleaning up orphan processes
test-linux-wheel-package	Set up job	ï»¿2025-10-04T19:07:47.7019459Z Current runner version: '2.328.0'
test-linux-wheel-package	Set up job	2025-10-04T19:07:47.7047188Z ##[group]Runner Image Provisioner
test-linux-wheel-package	Set up job	2025-10-04T19:07:47.7048438Z Hosted Compute Agent
test-linux-wheel-package	Set up job	2025-10-04T19:07:47.7049460Z Version: 20250912.392
test-linux-wheel-package	Set up job	2025-10-04T19:07:47.7050505Z Commit: d921fda672a98b64f4f82364647e2f10b2267d0b
test-linux-wheel-package	Set up job	2025-10-04T19:07:47.7051719Z Build Date: 2025-09-12T15:23:14Z
test-linux-wheel-package	Set up job	2025-10-04T19:07:47.7053290Z ##[endgroup]
test-linux-wheel-package	Set up job	2025-10-04T19:07:47.7054185Z ##[group]Operating System
test-linux-wheel-package	Set up job	2025-10-04T19:07:47.7055184Z Ubuntu
test-linux-wheel-package	Set up job	2025-10-04T19:07:47.7055933Z 24.04.3
test-linux-wheel-package	Set up job	2025-10-04T19:07:47.7057067Z LTS
test-linux-wheel-package	Set up job	2025-10-04T19:07:47.7057785Z ##[endgroup]
test-linux-wheel-package	Set up job	2025-10-04T19:07:47.7058660Z ##[group]Runner Image
test-linux-wheel-package	Set up job	2025-10-04T19:07:47.7059894Z Image: ubuntu-24.04
test-linux-wheel-package	Set up job	2025-10-04T19:07:47.7060687Z Version: 20250929.60.1
test-linux-wheel-package	Set up job	2025-10-04T19:07:47.7062558Z Included Software: https://github.com/actions/runner-images/blob/ubuntu24/20250929.60/images/ubuntu/Ubuntu2404-Readme.md
test-linux-wheel-package	Set up job	2025-10-04T19:07:47.7065021Z Image Release: https://github.com/actions/runner-images/releases/tag/ubuntu24%2F20250929.60
test-linux-wheel-package	Set up job	2025-10-04T19:07:47.7067360Z ##[endgroup]
test-linux-wheel-package	Set up job	2025-10-04T19:07:47.7071436Z ##[group]GITHUB_TOKEN Permissions
test-linux-wheel-package	Set up job	2025-10-04T19:07:47.7074455Z Actions: write
test-linux-wheel-package	Set up job	2025-10-04T19:07:47.7075481Z Attestations: write
test-linux-wheel-package	Set up job	2025-10-04T19:07:47.7076260Z Checks: write
test-linux-wheel-package	Set up job	2025-10-04T19:07:47.7077331Z Contents: write
test-linux-wheel-package	Set up job	2025-10-04T19:07:47.7078446Z Deployments: write
test-linux-wheel-package	Set up job	2025-10-04T19:07:47.7079330Z Discussions: write
test-linux-wheel-package	Set up job	2025-10-04T19:07:47.7080258Z Issues: write
test-linux-wheel-package	Set up job	2025-10-04T19:07:47.7081228Z Metadata: read
test-linux-wheel-package	Set up job	2025-10-04T19:07:47.7082101Z Models: read
test-linux-wheel-package	Set up job	2025-10-04T19:07:47.7082921Z Packages: write
test-linux-wheel-package	Set up job	2025-10-04T19:07:47.7083966Z Pages: write
test-linux-wheel-package	Set up job	2025-10-04T19:07:47.7084794Z PullRequests: write
test-linux-wheel-package	Set up job	2025-10-04T19:07:47.7085721Z RepositoryProjects: write
test-linux-wheel-package	Set up job	2025-10-04T19:07:47.7086998Z SecurityEvents: write
test-linux-wheel-package	Set up job	2025-10-04T19:07:47.7087992Z Statuses: write
test-linux-wheel-package	Set up job	2025-10-04T19:07:47.7088832Z ##[endgroup]
test-linux-wheel-package	Set up job	2025-10-04T19:07:47.7091713Z Secret source: Actions
test-linux-wheel-package	Set up job	2025-10-04T19:07:47.7093280Z Prepare workflow directory
test-linux-wheel-package	Set up job	2025-10-04T19:07:47.7450370Z Prepare all required actions
test-linux-wheel-package	Set up job	2025-10-04T19:07:47.7493270Z Getting action download info
test-linux-wheel-package	Set up job	2025-10-04T19:07:48.0757264Z Download action repository 'actions/download-artifact@v4' (SHA:d3f86a106a0bac45b974a628896c90dbdf5c8093)
test-linux-wheel-package	Set up job	2025-10-04T19:07:48.7774896Z Complete job name: test-linux-wheel-package
test-linux-wheel-package	Download Linux Wheel artifact	ï»¿2025-10-04T19:07:48.8553055Z ##[group]Run actions/download-artifact@v4
test-linux-wheel-package	Download Linux Wheel artifact	2025-10-04T19:07:48.8554022Z with:
test-linux-wheel-package	Download Linux Wheel artifact	2025-10-04T19:07:48.8554469Z   name: devildex-linux-wheel-artifact
test-linux-wheel-package	Download Linux Wheel artifact	2025-10-04T19:07:48.8555011Z   path: build/wheel/
test-linux-wheel-package	Download Linux Wheel artifact	2025-10-04T19:07:48.8555443Z   run-id: 18248316474
test-linux-wheel-package	Download Linux Wheel artifact	2025-10-04T19:07:48.8556137Z   github-token: ***
test-linux-wheel-package	Download Linux Wheel artifact	2025-10-04T19:07:48.8556582Z   repository: magowiz/devildex
test-linux-wheel-package	Download Linux Wheel artifact	2025-10-04T19:07:48.8557258Z   merge-multiple: false
test-linux-wheel-package	Download Linux Wheel artifact	2025-10-04T19:07:48.8557954Z ##[endgroup]
test-linux-wheel-package	Download Linux Wheel artifact	2025-10-04T19:07:49.0665169Z Downloading single artifact
test-linux-wheel-package	Download Linux Wheel artifact	2025-10-04T19:07:49.2824378Z Preparing to download the following artifacts:
test-linux-wheel-package	Download Linux Wheel artifact	2025-10-04T19:07:49.2827851Z - devildex-linux-wheel-artifact (ID: 4183111522, Size: 9838489, Expected Digest: sha256:81f3fa08789e3a0e6628130195fedb6f2a88304bab3d290e99ccb2bdc99c5ba5)
test-linux-wheel-package	Download Linux Wheel artifact	2025-10-04T19:07:49.2900376Z Downloading artifact '4183111522' from 'magowiz/devildex'
test-linux-wheel-package	Download Linux Wheel artifact	2025-10-04T19:07:49.4120213Z Redirecting to blob download url: https://productionresultssa17.blob.core.windows.net/actions-results/61e04901-73d9-4d4f-a9f5-a05333483428/workflow-job-run-96f51c1a-b3b3-5e88-a939-9182f8862dd4/artifacts/371ecb8890eaefb624518c2628a4c2ff0b965168a6b73c27663f5d1ed84e7fe5.zip
test-linux-wheel-package	Download Linux Wheel artifact	2025-10-04T19:07:49.4127210Z Starting download of artifact to: /home/runner/work/devildex/devildex/build/wheel
test-linux-wheel-package	Download Linux Wheel artifact	2025-10-04T19:07:49.6662309Z (node:1995) [DEP0005] DeprecationWarning: Buffer() is deprecated due to security and usability issues. Please use the Buffer.alloc(), Buffer.allocUnsafe(), or Buffer.from() methods instead.
test-linux-wheel-package	Download Linux Wheel artifact	2025-10-04T19:07:50.4113399Z (Use `node --trace-deprecation ...` to show where the warning was created)
test-linux-wheel-package	Download Linux Wheel artifact	2025-10-04T19:07:50.4118078Z SHA256 digest of downloaded artifact is 81f3fa08789e3a0e6628130195fedb6f2a88304bab3d290e99ccb2bdc99c5ba5
test-linux-wheel-package	Download Linux Wheel artifact	2025-10-04T19:07:50.4120767Z Artifact download completed successfully.
test-linux-wheel-package	Download Linux Wheel artifact	2025-10-04T19:07:50.4122579Z Total of 1 artifact(s) downloaded
test-linux-wheel-package	Download Linux Wheel artifact	2025-10-04T19:07:50.4123614Z Download artifact has finished successfully
test-linux-wheel-package	List downloaded files (Linux Wheel)	ï»¿2025-10-04T19:07:50.4341503Z ##[group]Run ls -R build/wheel/
test-linux-wheel-package	List downloaded files (Linux Wheel)	2025-10-04T19:07:50.4342858Z [36;1mls -R build/wheel/[0m
test-linux-wheel-package	List downloaded files (Linux Wheel)	2025-10-04T19:07:50.4382943Z shell: /usr/bin/bash -e {0}
test-linux-wheel-package	List downloaded files (Linux Wheel)	2025-10-04T19:07:50.4384075Z ##[endgroup]
test-linux-wheel-package	List downloaded files (Linux Wheel)	2025-10-04T19:07:50.4478235Z build/wheel/:
test-linux-wheel-package	List downloaded files (Linux Wheel)	2025-10-04T19:07:50.4479657Z devildex-0.2.1-py3-none-any.whl
test-linux-wheel-package	Test Installed Wheel (Linux)	ï»¿2025-10-04T19:07:50.4551469Z ##[group]Run pip install ./build/wheel/*.whl
test-linux-wheel-package	Test Installed Wheel (Linux)	2025-10-04T19:07:50.4553549Z [36;1mpip install ./build/wheel/*.whl[0m
test-linux-wheel-package	Test Installed Wheel (Linux)	2025-10-04T19:07:50.4557749Z [36;1mpython -c "import devildex; import subprocess; p = subprocess.Popen(['devildex']); import time; time.sleep(30); p.poll() or p.terminate(); exit(0) if p.returncode is None else exit(1)"[0m
test-linux-wheel-package	Test Installed Wheel (Linux)	2025-10-04T19:07:50.4593590Z shell: /usr/bin/bash -e {0}
test-linux-wheel-package	Test Installed Wheel (Linux)	2025-10-04T19:07:50.4594606Z ##[endgroup]
test-linux-wheel-package	Test Installed Wheel (Linux)	2025-10-04T19:07:52.7145468Z Defaulting to user installation because normal site-packages is not writeable
test-linux-wheel-package	Test Installed Wheel (Linux)	2025-10-04T19:07:53.5920330Z Processing ./build/wheel/devildex-0.2.1-py3-none-any.whl
test-linux-wheel-package	Test Installed Wheel (Linux)	2025-10-04T19:07:53.6317274Z ERROR: wxPython-4.2.2-cp313-cp313-linux_x86_64.whl is not a supported wheel on this platform.
test-linux-wheel-package	Test Installed Wheel (Linux)	2025-10-04T19:07:53.6814365Z ##[error]Process completed with exit code 1.
test-linux-wheel-package	Complete job	ï»¿2025-10-04T19:07:53.6876235Z Cleaning up orphan processes
test-pyinstaller-macos-package	Set up job	ï»¿2025-10-04T19:07:47.5661420Z Current runner version: '2.328.0'
test-pyinstaller-macos-package	Set up job	2025-10-04T19:07:47.5678600Z ##[group]Runner Image Provisioner
test-pyinstaller-macos-package	Set up job	2025-10-04T19:07:47.5679190Z Hosted Compute Agent
test-pyinstaller-macos-package	Set up job	2025-10-04T19:07:47.5679520Z Version: 20251003.420
test-pyinstaller-macos-package	Set up job	2025-10-04T19:07:47.5679900Z Commit: 2377dc5bf0f6cca5c863dfc4fa0dabc70e08de87
test-pyinstaller-macos-package	Set up job	2025-10-04T19:07:47.5680550Z Build Date: 2025-10-03T16:01:39Z
test-pyinstaller-macos-package	Set up job	2025-10-04T19:07:47.5680950Z ##[endgroup]
test-pyinstaller-macos-package	Set up job	2025-10-04T19:07:47.5681290Z ##[group]Operating System
test-pyinstaller-macos-package	Set up job	2025-10-04T19:07:47.5681660Z macOS
test-pyinstaller-macos-package	Set up job	2025-10-04T19:07:47.5681970Z 15.6.1
test-pyinstaller-macos-package	Set up job	2025-10-04T19:07:47.5682260Z 24G90
test-pyinstaller-macos-package	Set up job	2025-10-04T19:07:47.5682570Z ##[endgroup]
test-pyinstaller-macos-package	Set up job	2025-10-04T19:07:47.5682910Z ##[group]Runner Image
test-pyinstaller-macos-package	Set up job	2025-10-04T19:07:47.5683250Z Image: macos-15-arm64
test-pyinstaller-macos-package	Set up job	2025-10-04T19:07:47.5683590Z Version: 20250928.2397
test-pyinstaller-macos-package	Set up job	2025-10-04T19:07:47.5684290Z Included Software: https://github.com/actions/runner-images/blob/macos-15-arm64/20250928.2397/images/macos/macos-15-arm64-Readme.md
test-pyinstaller-macos-package	Set up job	2025-10-04T19:07:47.5685320Z Image Release: https://github.com/actions/runner-images/releases/tag/macos-15-arm64%2F20250928.2397
test-pyinstaller-macos-package	Set up job	2025-10-04T19:07:47.5686160Z ##[endgroup]
test-pyinstaller-macos-package	Set up job	2025-10-04T19:07:47.5687770Z ##[group]GITHUB_TOKEN Permissions
test-pyinstaller-macos-package	Set up job	2025-10-04T19:07:47.5689230Z Actions: write
test-pyinstaller-macos-package	Set up job	2025-10-04T19:07:47.5689580Z Attestations: write
test-pyinstaller-macos-package	Set up job	2025-10-04T19:07:47.5689890Z Checks: write
test-pyinstaller-macos-package	Set up job	2025-10-04T19:07:47.5690180Z Contents: write
test-pyinstaller-macos-package	Set up job	2025-10-04T19:07:47.5690480Z Deployments: write
test-pyinstaller-macos-package	Set up job	2025-10-04T19:07:47.5690790Z Discussions: write
test-pyinstaller-macos-package	Set up job	2025-10-04T19:07:47.5691090Z Issues: write
test-pyinstaller-macos-package	Set up job	2025-10-04T19:07:47.5691390Z Metadata: read
test-pyinstaller-macos-package	Set up job	2025-10-04T19:07:47.5691690Z Models: read
test-pyinstaller-macos-package	Set up job	2025-10-04T19:07:47.5691980Z Packages: write
test-pyinstaller-macos-package	Set up job	2025-10-04T19:07:47.5692280Z Pages: write
test-pyinstaller-macos-package	Set up job	2025-10-04T19:07:47.5692570Z PullRequests: write
test-pyinstaller-macos-package	Set up job	2025-10-04T19:07:47.5692890Z RepositoryProjects: write
test-pyinstaller-macos-package	Set up job	2025-10-04T19:07:47.5693250Z SecurityEvents: write
test-pyinstaller-macos-package	Set up job	2025-10-04T19:07:47.5693640Z Statuses: write
test-pyinstaller-macos-package	Set up job	2025-10-04T19:07:47.5693940Z ##[endgroup]
test-pyinstaller-macos-package	Set up job	2025-10-04T19:07:47.5698730Z Secret source: Actions
test-pyinstaller-macos-package	Set up job	2025-10-04T19:07:47.5699250Z Prepare workflow directory
test-pyinstaller-macos-package	Set up job	2025-10-04T19:07:47.5936290Z Prepare all required actions
test-pyinstaller-macos-package	Set up job	2025-10-04T19:07:47.5964970Z Getting action download info
test-pyinstaller-macos-package	Set up job	2025-10-04T19:07:47.9118960Z Download action repository 'actions/download-artifact@v4' (SHA:d3f86a106a0bac45b974a628896c90dbdf5c8093)
test-pyinstaller-macos-package	Set up job	2025-10-04T19:07:49.3554540Z Complete job name: test-pyinstaller-macos-package
test-pyinstaller-macos-package	Download PyInstaller macOS bundle	ï»¿2025-10-04T19:07:49.3939670Z ##[group]Run actions/download-artifact@v4
test-pyinstaller-macos-package	Download PyInstaller macOS bundle	2025-10-04T19:07:49.3940580Z with:
test-pyinstaller-macos-package	Download PyInstaller macOS bundle	2025-10-04T19:07:49.3941060Z   name: devildex-macos-bundle
test-pyinstaller-macos-package	Download PyInstaller macOS bundle	2025-10-04T19:07:49.3942370Z   path: build/macos-latest/
test-pyinstaller-macos-package	Download PyInstaller macOS bundle	2025-10-04T19:07:49.3942770Z   run-id: 18248316474
test-pyinstaller-macos-package	Download PyInstaller macOS bundle	2025-10-04T19:07:49.3943360Z   github-token: ***
test-pyinstaller-macos-package	Download PyInstaller macOS bundle	2025-10-04T19:07:49.3943710Z   repository: magowiz/devildex
test-pyinstaller-macos-package	Download PyInstaller macOS bundle	2025-10-04T19:07:49.3944090Z   merge-multiple: false
test-pyinstaller-macos-package	Download PyInstaller macOS bundle	2025-10-04T19:07:49.3944700Z ##[endgroup]
test-pyinstaller-macos-package	Download PyInstaller macOS bundle	2025-10-04T19:07:49.8451570Z Downloading single artifact
test-pyinstaller-macos-package	Download PyInstaller macOS bundle	2025-10-04T19:07:50.2766650Z Preparing to download the following artifacts:
test-pyinstaller-macos-package	Download PyInstaller macOS bundle	2025-10-04T19:07:50.2784490Z - devildex-macos-bundle (ID: 4183104177, Size: 34382058, Expected Digest: sha256:a01141d4a3da8685167a56bd2db57f5d62422f75f3efe3ca6c7650d43f2d2f20)
test-pyinstaller-macos-package	Download PyInstaller macOS bundle	2025-10-04T19:07:50.2787290Z Downloading artifact '4183104177' from 'magowiz/devildex'
test-pyinstaller-macos-package	Download PyInstaller macOS bundle	2025-10-04T19:07:50.5320330Z Redirecting to blob download url: https://productionresultssa17.blob.core.windows.net/actions-results/61e04901-73d9-4d4f-a9f5-a05333483428/workflow-job-run-dd80c790-b76d-56c3-8839-e438b20a0309/artifacts/1a952fd0784b1ef2354d564a8c6b78b155cc3f3f9c58fcc6a01e6d8f0b1c9389.zip
test-pyinstaller-macos-package	Download PyInstaller macOS bundle	2025-10-04T19:07:50.5328030Z Starting download of artifact to: /Users/runner/work/devildex/devildex/build/macos-latest
test-pyinstaller-macos-package	Download PyInstaller macOS bundle	2025-10-04T19:07:50.8436190Z (node:8038) [DEP0005] DeprecationWarning: Buffer() is deprecated due to security and usability issues. Please use the Buffer.alloc(), Buffer.allocUnsafe(), or Buffer.from() methods instead.
test-pyinstaller-macos-package	Download PyInstaller macOS bundle	2025-10-04T19:07:50.8558010Z (Use `node --trace-deprecation ...` to show where the warning was created)
test-pyinstaller-macos-package	Download PyInstaller macOS bundle	2025-10-04T19:07:53.0721810Z SHA256 digest of downloaded artifact is a01141d4a3da8685167a56bd2db57f5d62422f75f3efe3ca6c7650d43f2d2f20
test-pyinstaller-macos-package	Download PyInstaller macOS bundle	2025-10-04T19:07:53.0722780Z Artifact download completed successfully.
test-pyinstaller-macos-package	Download PyInstaller macOS bundle	2025-10-04T19:07:53.0723950Z Total of 1 artifact(s) downloaded
test-pyinstaller-macos-package	Download PyInstaller macOS bundle	2025-10-04T19:07:53.0728310Z Download artifact has finished successfully
test-pyinstaller-macos-package	List downloaded files (PyInstaller macOS)	ï»¿2025-10-04T19:07:53.1008000Z ##[group]Run ls -R build/macos-latest/
test-pyinstaller-macos-package	List downloaded files (PyInstaller macOS)	2025-10-04T19:07:53.1008340Z [36;1mls -R build/macos-latest/[0m
test-pyinstaller-macos-package	List downloaded files (PyInstaller macOS)	2025-10-04T19:07:53.1053950Z shell: /bin/bash -e {0}
test-pyinstaller-macos-package	List downloaded files (PyInstaller macOS)	2025-10-04T19:07:53.1054200Z ##[endgroup]
test-pyinstaller-macos-package	List downloaded files (PyInstaller macOS)	2025-10-04T19:07:53.1413020Z devildex_macos
test-pyinstaller-macos-package	Test Built Application (PyInstaller macOS)	ï»¿2025-10-04T19:07:53.1447070Z ##[group]Run chmod +x ./build/macos-latest/devildex_macos
test-pyinstaller-macos-package	Test Built Application (PyInstaller macOS)	2025-10-04T19:07:53.1447480Z [36;1mchmod +x ./build/macos-latest/devildex_macos[0m
test-pyinstaller-macos-package	Test Built Application (PyInstaller macOS)	2025-10-04T19:07:53.1447770Z [36;1m./build/macos-latest/devildex_macos &[0m
test-pyinstaller-macos-package	Test Built Application (PyInstaller macOS)	2025-10-04T19:07:53.1448020Z [36;1mPID=$![0m
test-pyinstaller-macos-package	Test Built Application (PyInstaller macOS)	2025-10-04T19:07:53.1448230Z [36;1msleep 30[0m
test-pyinstaller-macos-package	Test Built Application (PyInstaller macOS)	2025-10-04T19:07:53.1448430Z [36;1mif ps -p $PID > /dev/null; then[0m
test-pyinstaller-macos-package	Test Built Application (PyInstaller macOS)	2025-10-04T19:07:53.1448680Z [36;1m    kill $PID[0m
test-pyinstaller-macos-package	Test Built Application (PyInstaller macOS)	2025-10-04T19:07:53.1448920Z [36;1m    echo "Application remained running for 30 seconds."[0m
test-pyinstaller-macos-package	Test Built Application (PyInstaller macOS)	2025-10-04T19:07:53.1449230Z [36;1melse[0m
test-pyinstaller-macos-package	Test Built Application (PyInstaller macOS)	2025-10-04T19:07:53.1449430Z [36;1m    echo "Application exited prematurely."[0m
test-pyinstaller-macos-package	Test Built Application (PyInstaller macOS)	2025-10-04T19:07:53.1449660Z [36;1m    exit 1[0m
test-pyinstaller-macos-package	Test Built Application (PyInstaller macOS)	2025-10-04T19:07:53.1449850Z [36;1mfi[0m
test-pyinstaller-macos-package	Test Built Application (PyInstaller macOS)	2025-10-04T19:07:53.1481330Z shell: /bin/bash -e {0}
test-pyinstaller-macos-package	Test Built Application (PyInstaller macOS)	2025-10-04T19:07:53.1481540Z ##[endgroup]
test-pyinstaller-macos-package	Test Built Application (PyInstaller macOS)	2025-10-04T19:07:53.7613190Z Traceback (most recent call last):
test-pyinstaller-macos-package	Test Built Application (PyInstaller macOS)	2025-10-04T19:07:53.7714660Z   File "main.py", line 17, in <module>
test-pyinstaller-macos-package	Test Built Application (PyInstaller macOS)	2025-10-04T19:07:53.7816080Z   File "pyimod02_importers.py", line 457, in exec_module
test-pyinstaller-macos-package	Test Built Application (PyInstaller macOS)	2025-10-04T19:07:53.7916580Z   File "devildex/core.py", line 16, in <module>
test-pyinstaller-macos-package	Test Built Application (PyInstaller macOS)	2025-10-04T19:07:53.8017780Z   File "pyimod02_importers.py", line 457, in exec_module
test-pyinstaller-macos-package	Test Built Application (PyInstaller macOS)	2025-10-04T19:07:53.8118320Z   File "devildex/database/__init__.py", line 3, in <module>
test-pyinstaller-macos-package	Test Built Application (PyInstaller macOS)	2025-10-04T19:07:53.8219690Z ModuleNotFoundError: No module named 'devildex.database.db_manager'
test-pyinstaller-macos-package	Test Built Application (PyInstaller macOS)	2025-10-04T19:07:53.8296710Z [PYI-8219:ERROR] Failed to execute script 'main' due to unhandled exception!
test-pyinstaller-macos-package	Test Built Application (PyInstaller macOS)	2025-10-04T19:08:23.2040130Z Application exited prematurely.
test-pyinstaller-macos-package	Test Built Application (PyInstaller macOS)	2025-10-04T19:08:23.2051100Z ##[error]Process completed with exit code 1.
test-pyinstaller-macos-package	Complete job	ï»¿2025-10-04T19:08:23.2106030Z Cleaning up orphan processes
test-windows-package	Set up job	ï»¿2025-10-04T19:07:48.1776307Z Current runner version: '2.328.0'
test-windows-package	Set up job	2025-10-04T19:07:48.1846858Z ##[group]Runner Image Provisioner
test-windows-package	Set up job	2025-10-04T19:07:48.1847695Z Hosted Compute Agent
test-windows-package	Set up job	2025-10-04T19:07:48.1848230Z Version: 20250912.392
test-windows-package	Set up job	2025-10-04T19:07:48.1848742Z Commit: d921fda672a98b64f4f82364647e2f10b2267d0b
test-windows-package	Set up job	2025-10-04T19:07:48.1849428Z Build Date: 2025-09-12T15:23:14Z
test-windows-package	Set up job	2025-10-04T19:07:48.1849962Z ##[endgroup]
test-windows-package	Set up job	2025-10-04T19:07:48.1850456Z ##[group]Operating System
test-windows-package	Set up job	2025-10-04T19:07:48.1851358Z Microsoft Windows Server 2025
test-windows-package	Set up job	2025-10-04T19:07:48.1851952Z 10.0.26100
test-windows-package	Set up job	2025-10-04T19:07:48.1852440Z Datacenter
test-windows-package	Set up job	2025-10-04T19:07:48.1852939Z ##[endgroup]
test-windows-package	Set up job	2025-10-04T19:07:48.1853399Z ##[group]Runner Image
test-windows-package	Set up job	2025-10-04T19:07:48.1853865Z Image: windows-2025
test-windows-package	Set up job	2025-10-04T19:07:48.1854349Z Version: 20250929.44.1
test-windows-package	Set up job	2025-10-04T19:07:48.1855279Z Included Software: https://github.com/actions/runner-images/blob/win25/20250929.44/images/windows/Windows2025-Readme.md
test-windows-package	Set up job	2025-10-04T19:07:48.1856564Z Image Release: https://github.com/actions/runner-images/releases/tag/win25%2F20250929.44
test-windows-package	Set up job	2025-10-04T19:07:48.1857731Z ##[endgroup]
test-windows-package	Set up job	2025-10-04T19:07:48.1860087Z ##[group]GITHUB_TOKEN Permissions
test-windows-package	Set up job	2025-10-04T19:07:48.1862574Z Actions: write
test-windows-package	Set up job	2025-10-04T19:07:48.1863330Z Attestations: write
test-windows-package	Set up job	2025-10-04T19:07:48.1863881Z Checks: write
test-windows-package	Set up job	2025-10-04T19:07:48.1864380Z Contents: write
test-windows-package	Set up job	2025-10-04T19:07:48.1864834Z Deployments: write
test-windows-package	Set up job	2025-10-04T19:07:48.1865324Z Discussions: write
test-windows-package	Set up job	2025-10-04T19:07:48.1865766Z Issues: write
test-windows-package	Set up job	2025-10-04T19:07:48.1866261Z Metadata: read
test-windows-package	Set up job	2025-10-04T19:07:48.1866690Z Models: read
test-windows-package	Set up job	2025-10-04T19:07:48.1867161Z Packages: write
test-windows-package	Set up job	2025-10-04T19:07:48.1867597Z Pages: write
test-windows-package	Set up job	2025-10-04T19:07:48.1868048Z PullRequests: write
test-windows-package	Set up job	2025-10-04T19:07:48.1868576Z RepositoryProjects: write
test-windows-package	Set up job	2025-10-04T19:07:48.1869075Z SecurityEvents: write
test-windows-package	Set up job	2025-10-04T19:07:48.1869618Z Statuses: write
test-windows-package	Set up job	2025-10-04T19:07:48.1870082Z ##[endgroup]
test-windows-package	Set up job	2025-10-04T19:07:48.1872259Z Secret source: Actions
test-windows-package	Set up job	2025-10-04T19:07:48.1872957Z Prepare workflow directory
test-windows-package	Set up job	2025-10-04T19:07:48.2301277Z Prepare all required actions
test-windows-package	Set up job	2025-10-04T19:07:48.2339986Z Getting action download info
test-windows-package	Set up job	2025-10-04T19:07:48.5473262Z Download action repository 'actions/download-artifact@v4' (SHA:d3f86a106a0bac45b974a628896c90dbdf5c8093)
test-windows-package	Set up job	2025-10-04T19:07:49.3673963Z Complete job name: test-windows-package
test-windows-package	Download Windows artifact	ï»¿2025-10-04T19:07:49.5254851Z ##[group]Run actions/download-artifact@v4
test-windows-package	Download Windows artifact	2025-10-04T19:07:49.5255887Z with:
test-windows-package	Download Windows artifact	2025-10-04T19:07:49.5256660Z   name: devildex-windows-bundle
test-windows-package	Download Windows artifact	2025-10-04T19:07:49.5257126Z   path: build/
test-windows-package	Download Windows artifact	2025-10-04T19:07:49.5257492Z   run-id: 18248316474
test-windows-package	Download Windows artifact	2025-10-04T19:07:49.5258124Z   github-token: ***
test-windows-package	Download Windows artifact	2025-10-04T19:07:49.5258523Z   repository: magowiz/devildex
test-windows-package	Download Windows artifact	2025-10-04T19:07:49.5258962Z   merge-multiple: false
test-windows-package	Download Windows artifact	2025-10-04T19:07:49.5259842Z ##[endgroup]
test-windows-package	Download Windows artifact	2025-10-04T19:07:49.8242241Z Downloading single artifact
test-windows-package	Download Windows artifact	2025-10-04T19:07:50.1512740Z Preparing to download the following artifacts:
test-windows-package	Download Windows artifact	2025-10-04T19:07:50.1516508Z - devildex-windows-bundle (ID: 4183106773, Size: 41613876, Expected Digest: sha256:4dbd24e49ab953f1393f27a5e4c826122265cae03763e3d0a04575b0bf262ef3)
test-windows-package	Download Windows artifact	2025-10-04T19:07:50.1572014Z Downloading artifact '4183106773' from 'magowiz/devildex'
test-windows-package	Download Windows artifact	2025-10-04T19:07:50.3254625Z Redirecting to blob download url: https://productionresultssa17.blob.core.windows.net/actions-results/61e04901-73d9-4d4f-a9f5-a05333483428/workflow-job-run-5c64235d-455b-5622-b869-867718c5fb46/artifacts/d84440b05c29639c0ab6c747f71cb17b29826f115e2511b3e46fa33518b10e72.zip
test-windows-package	Download Windows artifact	2025-10-04T19:07:50.3262523Z Starting download of artifact to: D:\a\devildex\devildex\build
test-windows-package	Download Windows artifact	2025-10-04T19:07:50.5839607Z (node:8500) [DEP0005] DeprecationWarning: Buffer() is deprecated due to security and usability issues. Please use the Buffer.alloc(), Buffer.allocUnsafe(), or Buffer.from() methods instead.
test-windows-package	Download Windows artifact	2025-10-04T19:07:50.5841241Z (Use `node --trace-deprecation ...` to show where the warning was created)
test-windows-package	Download Windows artifact	2025-10-04T19:07:51.8962737Z SHA256 digest of downloaded artifact is 4dbd24e49ab953f1393f27a5e4c826122265cae03763e3d0a04575b0bf262ef3
test-windows-package	Download Windows artifact	2025-10-04T19:07:51.8968623Z Artifact download completed successfully.
test-windows-package	Download Windows artifact	2025-10-04T19:07:51.8969225Z Total of 1 artifact(s) downloaded
test-windows-package	Download Windows artifact	2025-10-04T19:07:51.8974603Z Download artifact has finished successfully
test-windows-package	List downloaded files (Windows)	ï»¿2025-10-04T19:07:51.9340361Z ##[group]Run ls -R build/
test-windows-package	List downloaded files (Windows)	2025-10-04T19:07:51.9340833Z [36;1mls -R build/[0m
test-windows-package	List downloaded files (Windows)	2025-10-04T19:07:52.0240174Z shell: C:\Program Files\PowerShell\7\pwsh.EXE -command ". '{0}'"
test-windows-package	List downloaded files (Windows)	2025-10-04T19:07:52.0240725Z ##[endgroup]
test-windows-package	List downloaded files (Windows)	2025-10-04T19:07:59.8287377Z 
test-windows-package	List downloaded files (Windows)	2025-10-04T19:07:59.8297109Z     Directory: D:\a\devildex\devildex\build
test-windows-package	List downloaded files (Windows)	2025-10-04T19:07:59.8297724Z 
test-windows-package	List downloaded files (Windows)	2025-10-04T19:07:59.8894851Z [32;1mMode   [0m[32;1m              LastWriteTime[0m[32;1m         Length[0m[32;1m Name[0m
test-windows-package	List downloaded files (Windows)	2025-10-04T19:07:59.8896382Z [32;1m----   [0m [32;1m             -------------[0m [32;1m        ------[0m [32;1m----[0m
test-windows-package	List downloaded files (Windows)	2025-10-04T19:07:59.9273650Z -a---           10/4/2025  7:07 PM       41913696 [32;1mdevildex_windows.exe[0m
test-windows-package	List downloaded files (Windows)	2025-10-04T19:07:59.9413792Z 
test-windows-package	Test Built Application (Windows)	ï»¿2025-10-04T19:08:00.2274801Z ##[group]Run $process = Start-Process -FilePath ".\build\devildex_windows.exe" -NoNewWindow -PassThru
test-windows-package	Test Built Application (Windows)	2025-10-04T19:08:00.2275698Z [36;1m$process = Start-Process -FilePath ".\build\devildex_windows.exe" -NoNewWindow -PassThru[0m
test-windows-package	Test Built Application (Windows)	2025-10-04T19:08:00.2276180Z [36;1mStart-Sleep -Seconds 30[0m
test-windows-package	Test Built Application (Windows)	2025-10-04T19:08:00.2276422Z [36;1mif ($process.HasExited) {[0m
test-windows-package	Test Built Application (Windows)	2025-10-04T19:08:00.2276717Z [36;1m    Write-Error "Application exited prematurely."[0m
test-windows-package	Test Built Application (Windows)	2025-10-04T19:08:00.2277008Z [36;1m    exit 1[0m
test-windows-package	Test Built Application (Windows)	2025-10-04T19:08:00.2277217Z [36;1m} else {[0m
test-windows-package	Test Built Application (Windows)	2025-10-04T19:08:00.2277495Z [36;1m    Stop-Process -Id $process.Id -ErrorAction SilentlyContinue[0m
test-windows-package	Test Built Application (Windows)	2025-10-04T19:08:00.2277928Z [36;1m    Write-Host "Application remained running for 30 seconds."[0m
test-windows-package	Test Built Application (Windows)	2025-10-04T19:08:00.2278247Z [36;1m}[0m
test-windows-package	Test Built Application (Windows)	2025-10-04T19:08:00.2342518Z shell: C:\Program Files\PowerShell\7\pwsh.EXE -command ". '{0}'"
test-windows-package	Test Built Application (Windows)	2025-10-04T19:08:00.2342868Z ##[endgroup]
test-windows-package	Test Built Application (Windows)	2025-10-04T19:08:02.5361350Z Traceback (most recent call last):
test-windows-package	Test Built Application (Windows)	2025-10-04T19:08:02.5364533Z   File "main.py", line 17, in <module>
test-windows-package	Test Built Application (Windows)	2025-10-04T19:08:02.5365070Z   File "pyimod02_importers.py", line 457, in exec_module
test-windows-package	Test Built Application (Windows)	2025-10-04T19:08:02.5365821Z   File "devildex\core.py", line 16, in <module>
test-windows-package	Test Built Application (Windows)	2025-10-04T19:08:02.5368661Z   File "pyimod02_importers.py", line 457, in exec_module
test-windows-package	Test Built Application (Windows)	2025-10-04T19:08:02.5370853Z   File "devildex\database\__init__.py", line 3, in <module>
test-windows-package	Test Built Application (Windows)	2025-10-04T19:08:02.5373772Z ModuleNotFoundError: No module named 'devildex.database.db_manager'
test-windows-package	Test Built Application (Windows)	2025-10-04T19:08:02.5374929Z [PYI-6568:ERROR] Failed to execute script 'main' due to unhandled exception!
test-windows-package	Test Built Application (Windows)	2025-10-04T19:08:32.7436166Z [31;1mWrite-Error: [31;1mApplication exited prematurely.[0m
test-windows-package	Test Built Application (Windows)	2025-10-04T19:08:32.7650017Z ##[error]Process completed with exit code 1.
test-windows-package	Complete job	ï»¿2025-10-04T19:08:32.7723104Z Cleaning up orphan processes
test-pyinstaller-linux-package	Set up job	ï»¿2025-10-04T19:07:47.3683448Z Current runner version: '2.328.0'
test-pyinstaller-linux-package	Set up job	2025-10-04T19:07:47.3710873Z ##[group]Runner Image Provisioner
test-pyinstaller-linux-package	Set up job	2025-10-04T19:07:47.3711752Z Hosted Compute Agent
test-pyinstaller-linux-package	Set up job	2025-10-04T19:07:47.3712404Z Version: 20250912.392
test-pyinstaller-linux-package	Set up job	2025-10-04T19:07:47.3713031Z Commit: d921fda672a98b64f4f82364647e2f10b2267d0b
test-pyinstaller-linux-package	Set up job	2025-10-04T19:07:47.3713707Z Build Date: 2025-09-12T15:23:14Z
test-pyinstaller-linux-package	Set up job	2025-10-04T19:07:47.3714717Z ##[endgroup]
test-pyinstaller-linux-package	Set up job	2025-10-04T19:07:47.3715272Z ##[group]Operating System
test-pyinstaller-linux-package	Set up job	2025-10-04T19:07:47.3715825Z Ubuntu
test-pyinstaller-linux-package	Set up job	2025-10-04T19:07:47.3716380Z 24.04.3
test-pyinstaller-linux-package	Set up job	2025-10-04T19:07:47.3716834Z LTS
test-pyinstaller-linux-package	Set up job	2025-10-04T19:07:47.3717353Z ##[endgroup]
test-pyinstaller-linux-package	Set up job	2025-10-04T19:07:47.3717870Z ##[group]Runner Image
test-pyinstaller-linux-package	Set up job	2025-10-04T19:07:47.3718441Z Image: ubuntu-24.04
test-pyinstaller-linux-package	Set up job	2025-10-04T19:07:47.3718933Z Version: 20250929.60.1
test-pyinstaller-linux-package	Set up job	2025-10-04T19:07:47.3720241Z Included Software: https://github.com/actions/runner-images/blob/ubuntu24/20250929.60/images/ubuntu/Ubuntu2404-Readme.md
test-pyinstaller-linux-package	Set up job	2025-10-04T19:07:47.3721745Z Image Release: https://github.com/actions/runner-images/releases/tag/ubuntu24%2F20250929.60
test-pyinstaller-linux-package	Set up job	2025-10-04T19:07:47.3723046Z ##[endgroup]
test-pyinstaller-linux-package	Set up job	2025-10-04T19:07:47.3725442Z ##[group]GITHUB_TOKEN Permissions
test-pyinstaller-linux-package	Set up job	2025-10-04T19:07:47.3727710Z Actions: write
test-pyinstaller-linux-package	Set up job	2025-10-04T19:07:47.3728295Z Attestations: write
test-pyinstaller-linux-package	Set up job	2025-10-04T19:07:47.3728839Z Checks: write
test-pyinstaller-linux-package	Set up job	2025-10-04T19:07:47.3729296Z Contents: write
test-pyinstaller-linux-package	Set up job	2025-10-04T19:07:47.3730219Z Deployments: write
test-pyinstaller-linux-package	Set up job	2025-10-04T19:07:47.3730777Z Discussions: write
test-pyinstaller-linux-package	Set up job	2025-10-04T19:07:47.3731283Z Issues: write
test-pyinstaller-linux-package	Set up job	2025-10-04T19:07:47.3731865Z Metadata: read
test-pyinstaller-linux-package	Set up job	2025-10-04T19:07:47.3732351Z Models: read
test-pyinstaller-linux-package	Set up job	2025-10-04T19:07:47.3732845Z Packages: write
test-pyinstaller-linux-package	Set up job	2025-10-04T19:07:47.3733393Z Pages: write
test-pyinstaller-linux-package	Set up job	2025-10-04T19:07:47.3733900Z PullRequests: write
test-pyinstaller-linux-package	Set up job	2025-10-04T19:07:47.3734461Z RepositoryProjects: write
test-pyinstaller-linux-package	Set up job	2025-10-04T19:07:47.3735096Z SecurityEvents: write
test-pyinstaller-linux-package	Set up job	2025-10-04T19:07:47.3735742Z Statuses: write
test-pyinstaller-linux-package	Set up job	2025-10-04T19:07:47.3736233Z ##[endgroup]
test-pyinstaller-linux-package	Set up job	2025-10-04T19:07:47.3738357Z Secret source: Actions
test-pyinstaller-linux-package	Set up job	2025-10-04T19:07:47.3739055Z Prepare workflow directory
test-pyinstaller-linux-package	Set up job	2025-10-04T19:07:47.4061643Z Prepare all required actions
test-pyinstaller-linux-package	Set up job	2025-10-04T19:07:47.4100996Z Getting action download info
test-pyinstaller-linux-package	Set up job	2025-10-04T19:07:47.7044761Z Download action repository 'actions/download-artifact@v4' (SHA:d3f86a106a0bac45b974a628896c90dbdf5c8093)
test-pyinstaller-linux-package	Set up job	2025-10-04T19:07:48.0551777Z Complete job name: test-pyinstaller-linux-package
test-pyinstaller-linux-package	Download PyInstaller Linux bundle	ï»¿2025-10-04T19:07:48.1279653Z ##[group]Run actions/download-artifact@v4
test-pyinstaller-linux-package	Download PyInstaller Linux bundle	2025-10-04T19:07:48.1280826Z with:
test-pyinstaller-linux-package	Download PyInstaller Linux bundle	2025-10-04T19:07:48.1281235Z   name: devildex-linux-bundle
test-pyinstaller-linux-package	Download PyInstaller Linux bundle	2025-10-04T19:07:48.1281776Z   path: build/ubuntu-latest/
test-pyinstaller-linux-package	Download PyInstaller Linux bundle	2025-10-04T19:07:48.1282279Z   run-id: 18248316474
test-pyinstaller-linux-package	Download PyInstaller Linux bundle	2025-10-04T19:07:48.1283005Z   github-token: ***
test-pyinstaller-linux-package	Download PyInstaller Linux bundle	2025-10-04T19:07:48.1283483Z   repository: magowiz/devildex
test-pyinstaller-linux-package	Download PyInstaller Linux bundle	2025-10-04T19:07:48.1283997Z   merge-multiple: false
test-pyinstaller-linux-package	Download PyInstaller Linux bundle	2025-10-04T19:07:48.1284671Z ##[endgroup]
test-pyinstaller-linux-package	Download PyInstaller Linux bundle	2025-10-04T19:07:48.3336460Z Downloading single artifact
test-pyinstaller-linux-package	Download PyInstaller Linux bundle	2025-10-04T19:07:48.4923908Z Preparing to download the following artifacts:
test-pyinstaller-linux-package	Download PyInstaller Linux bundle	2025-10-04T19:07:48.4925521Z - devildex-linux-bundle (ID: 4183109860, Size: 179383318, Expected Digest: sha256:2fdc45f186411277be893f3ae6045c333067cbca384b5c42fd838f2cc4a1b3d4)
test-pyinstaller-linux-package	Download PyInstaller Linux bundle	2025-10-04T19:07:48.4983812Z Downloading artifact '4183109860' from 'magowiz/devildex'
test-pyinstaller-linux-package	Download PyInstaller Linux bundle	2025-10-04T19:07:48.6043823Z Redirecting to blob download url: https://productionresultssa17.blob.core.windows.net/actions-results/61e04901-73d9-4d4f-a9f5-a05333483428/workflow-job-run-65d01b9d-4b5b-53ff-8386-e3fb63ccf5e6/artifacts/cf3c685bbad60aa64c5a5c0211723e510b12b8a419303c70ea50237ceb27b3fc.zip
test-pyinstaller-linux-package	Download PyInstaller Linux bundle	2025-10-04T19:07:48.6047713Z Starting download of artifact to: /home/runner/work/devildex/devildex/build/ubuntu-latest
test-pyinstaller-linux-package	Download PyInstaller Linux bundle	2025-10-04T19:07:48.6725925Z (node:1998) [DEP0005] DeprecationWarning: Buffer() is deprecated due to security and usability issues. Please use the Buffer.alloc(), Buffer.allocUnsafe(), or Buffer.from() methods instead.
test-pyinstaller-linux-package	Download PyInstaller Linux bundle	2025-10-04T19:07:48.6727950Z (Use `node --trace-deprecation ...` to show where the warning was created)
test-pyinstaller-linux-package	Download PyInstaller Linux bundle	2025-10-04T19:07:50.5730966Z SHA256 digest of downloaded artifact is 2fdc45f186411277be893f3ae6045c333067cbca384b5c42fd838f2cc4a1b3d4
test-pyinstaller-linux-package	Download PyInstaller Linux bundle	2025-10-04T19:07:50.5733267Z Artifact download completed successfully.
test-pyinstaller-linux-package	Download PyInstaller Linux bundle	2025-10-04T19:07:50.5734425Z Total of 1 artifact(s) downloaded
test-pyinstaller-linux-package	Download PyInstaller Linux bundle	2025-10-04T19:07:50.5738886Z Download artifact has finished successfully
test-pyinstaller-linux-package	List downloaded files (PyInstaller Linux)	ï»¿2025-10-04T19:07:50.5926166Z ##[group]Run ls -R build/ubuntu-latest/
test-pyinstaller-linux-package	List downloaded files (PyInstaller Linux)	2025-10-04T19:07:50.5926690Z [36;1mls -R build/ubuntu-latest/[0m
test-pyinstaller-linux-package	List downloaded files (PyInstaller Linux)	2025-10-04T19:07:50.5963430Z shell: /usr/bin/bash -e {0}
test-pyinstaller-linux-package	List downloaded files (PyInstaller Linux)	2025-10-04T19:07:50.5963820Z ##[endgroup]
test-pyinstaller-linux-package	List downloaded files (PyInstaller Linux)	2025-10-04T19:07:50.6047765Z build/ubuntu-latest/:
test-pyinstaller-linux-package	List downloaded files (PyInstaller Linux)	2025-10-04T19:07:50.6048281Z devildex_linux
test-pyinstaller-linux-package	Test Built Application (PyInstaller Linux)	ï»¿2025-10-04T19:07:50.6087056Z ##[group]Run chmod +x ./build/ubuntu-latest/devildex_linux
test-pyinstaller-linux-package	Test Built Application (PyInstaller Linux)	2025-10-04T19:07:50.6087630Z [36;1mchmod +x ./build/ubuntu-latest/devildex_linux[0m
test-pyinstaller-linux-package	Test Built Application (PyInstaller Linux)	2025-10-04T19:07:50.6088045Z [36;1m./build/ubuntu-latest/devildex_linux &[0m
test-pyinstaller-linux-package	Test Built Application (PyInstaller Linux)	2025-10-04T19:07:50.6088391Z [36;1mPID=$![0m
test-pyinstaller-linux-package	Test Built Application (PyInstaller Linux)	2025-10-04T19:07:50.6088650Z [36;1msleep 30[0m
test-pyinstaller-linux-package	Test Built Application (PyInstaller Linux)	2025-10-04T19:07:50.6088933Z [36;1mif ps -p $PID > /dev/null; then[0m
test-pyinstaller-linux-package	Test Built Application (PyInstaller Linux)	2025-10-04T19:07:50.6089276Z [36;1m    kill $PID[0m
test-pyinstaller-linux-package	Test Built Application (PyInstaller Linux)	2025-10-04T19:07:50.6089633Z [36;1m    echo "Application remained running for 30 seconds."[0m
test-pyinstaller-linux-package	Test Built Application (PyInstaller Linux)	2025-10-04T19:07:50.6090259Z [36;1melse[0m
test-pyinstaller-linux-package	Test Built Application (PyInstaller Linux)	2025-10-04T19:07:50.6090572Z [36;1m    echo "Application exited prematurely."[0m
test-pyinstaller-linux-package	Test Built Application (PyInstaller Linux)	2025-10-04T19:07:50.6090947Z [36;1m    exit 1[0m
test-pyinstaller-linux-package	Test Built Application (PyInstaller Linux)	2025-10-04T19:07:50.6091219Z [36;1mfi[0m
test-pyinstaller-linux-package	Test Built Application (PyInstaller Linux)	2025-10-04T19:07:50.6121727Z shell: /usr/bin/bash -e {0}
test-pyinstaller-linux-package	Test Built Application (PyInstaller Linux)	2025-10-04T19:07:50.6122067Z ##[endgroup]
test-pyinstaller-linux-package	Test Built Application (PyInstaller Linux)	2025-10-04T19:07:52.8510807Z Traceback (most recent call last):
test-pyinstaller-linux-package	Test Built Application (PyInstaller Linux)	2025-10-04T19:07:52.8511469Z   File "main.py", line 9, in <module>
test-pyinstaller-linux-package	Test Built Application (PyInstaller Linux)	2025-10-04T19:07:52.8512146Z   File "pyimod02_importers.py", line 457, in exec_module
test-pyinstaller-linux-package	Test Built Application (PyInstaller Linux)	2025-10-04T19:07:52.8512878Z   File "wx/__init__.py", line 17, in <module>
test-pyinstaller-linux-package	Test Built Application (PyInstaller Linux)	2025-10-04T19:07:52.8513449Z   File "pyimod02_importers.py", line 457, in exec_module
test-pyinstaller-linux-package	Test Built Application (PyInstaller Linux)	2025-10-04T19:07:52.8514003Z   File "wx/core.py", line 12, in <module>
test-pyinstaller-linux-package	Test Built Application (PyInstaller Linux)	2025-10-04T19:07:52.8514672Z ImportError: libtiff.so.5: cannot open shared object file: No such file or directory
test-pyinstaller-linux-package	Test Built Application (PyInstaller Linux)	2025-10-04T19:07:52.8515516Z [PYI-2015:ERROR] Failed to execute script 'main' due to unhandled exception!
test-pyinstaller-linux-package	Test Built Application (PyInstaller Linux)	2025-10-04T19:08:20.6297689Z Application exited prematurely.
test-pyinstaller-linux-package	Test Built Application (PyInstaller Linux)	2025-10-04T19:08:20.6311535Z ##[error]Process completed with exit code 1.
test-pyinstaller-linux-package	Complete job	ï»¿2025-10-04T19:08:20.6368700Z Cleaning up orphan processes
test-pyinstaller-windows-package	Set up job	ï»¿2025-10-04T19:07:47.8765172Z Current runner version: '2.328.0'
test-pyinstaller-windows-package	Set up job	2025-10-04T19:07:47.8817313Z ##[group]Runner Image Provisioner
test-pyinstaller-windows-package	Set up job	2025-10-04T19:07:47.8818076Z Hosted Compute Agent
test-pyinstaller-windows-package	Set up job	2025-10-04T19:07:47.8818561Z Version: 20250912.392
test-pyinstaller-windows-package	Set up job	2025-10-04T19:07:47.8819056Z Commit: d921fda672a98b64f4f82364647e2f10b2267d0b
test-pyinstaller-windows-package	Set up job	2025-10-04T19:07:47.8819958Z Build Date: 2025-09-12T15:23:14Z
test-pyinstaller-windows-package	Set up job	2025-10-04T19:07:47.8820467Z ##[endgroup]
test-pyinstaller-windows-package	Set up job	2025-10-04T19:07:47.8820917Z ##[group]Operating System
test-pyinstaller-windows-package	Set up job	2025-10-04T19:07:47.8821402Z Microsoft Windows Server 2025
test-pyinstaller-windows-package	Set up job	2025-10-04T19:07:47.8821959Z 10.0.26100
test-pyinstaller-windows-package	Set up job	2025-10-04T19:07:47.8822342Z Datacenter
test-pyinstaller-windows-package	Set up job	2025-10-04T19:07:47.8822746Z ##[endgroup]
test-pyinstaller-windows-package	Set up job	2025-10-04T19:07:47.8823168Z ##[group]Runner Image
test-pyinstaller-windows-package	Set up job	2025-10-04T19:07:47.8823595Z Image: windows-2025
test-pyinstaller-windows-package	Set up job	2025-10-04T19:07:47.8824032Z Version: 20250929.44.1
test-pyinstaller-windows-package	Set up job	2025-10-04T19:07:47.8824943Z Included Software: https://github.com/actions/runner-images/blob/win25/20250929.44/images/windows/Windows2025-Readme.md
test-pyinstaller-windows-package	Set up job	2025-10-04T19:07:47.8826226Z Image Release: https://github.com/actions/runner-images/releases/tag/win25%2F20250929.44
test-pyinstaller-windows-package	Set up job	2025-10-04T19:07:47.8827349Z ##[endgroup]
test-pyinstaller-windows-package	Set up job	2025-10-04T19:07:47.8829937Z ##[group]GITHUB_TOKEN Permissions
test-pyinstaller-windows-package	Set up job	2025-10-04T19:07:47.8832017Z Actions: write
test-pyinstaller-windows-package	Set up job	2025-10-04T19:07:47.8832524Z Attestations: write
test-pyinstaller-windows-package	Set up job	2025-10-04T19:07:47.8833267Z Checks: write
test-pyinstaller-windows-package	Set up job	2025-10-04T19:07:47.8833733Z Contents: write
test-pyinstaller-windows-package	Set up job	2025-10-04T19:07:47.8834143Z Deployments: write
test-pyinstaller-windows-package	Set up job	2025-10-04T19:07:47.8834576Z Discussions: write
test-pyinstaller-windows-package	Set up job	2025-10-04T19:07:47.8835028Z Issues: write
test-pyinstaller-windows-package	Set up job	2025-10-04T19:07:47.8835469Z Metadata: read
test-pyinstaller-windows-package	Set up job	2025-10-04T19:07:47.8835854Z Models: read
test-pyinstaller-windows-package	Set up job	2025-10-04T19:07:47.8836298Z Packages: write
test-pyinstaller-windows-package	Set up job	2025-10-04T19:07:47.8836749Z Pages: write
test-pyinstaller-windows-package	Set up job	2025-10-04T19:07:47.8837247Z PullRequests: write
test-pyinstaller-windows-package	Set up job	2025-10-04T19:07:47.8838123Z RepositoryProjects: write
test-pyinstaller-windows-package	Set up job	2025-10-04T19:07:47.8839052Z SecurityEvents: write
test-pyinstaller-windows-package	Set up job	2025-10-04T19:07:47.8839929Z Statuses: write
test-pyinstaller-windows-package	Set up job	2025-10-04T19:07:47.8840425Z ##[endgroup]
test-pyinstaller-windows-package	Set up job	2025-10-04T19:07:47.8842458Z Secret source: Actions
test-pyinstaller-windows-package	Set up job	2025-10-04T19:07:47.8843167Z Prepare workflow directory
test-pyinstaller-windows-package	Set up job	2025-10-04T19:07:47.9236135Z Prepare all required actions
test-pyinstaller-windows-package	Set up job	2025-10-04T19:07:47.9273652Z Getting action download info
test-pyinstaller-windows-package	Set up job	2025-10-04T19:07:48.1521850Z Download action repository 'actions/download-artifact@v4' (SHA:d3f86a106a0bac45b974a628896c90dbdf5c8093)
test-pyinstaller-windows-package	Set up job	2025-10-04T19:07:48.6880708Z Complete job name: test-pyinstaller-windows-package
test-pyinstaller-windows-package	Download PyInstaller Windows bundle	ï»¿2025-10-04T19:07:48.8703272Z ##[group]Run actions/download-artifact@v4
test-pyinstaller-windows-package	Download PyInstaller Windows bundle	2025-10-04T19:07:48.8704316Z with:
test-pyinstaller-windows-package	Download PyInstaller Windows bundle	2025-10-04T19:07:48.8704708Z   name: devildex-windows-bundle
test-pyinstaller-windows-package	Download PyInstaller Windows bundle	2025-10-04T19:07:48.8705196Z   path: build/windows-latest/
test-pyinstaller-windows-package	Download PyInstaller Windows bundle	2025-10-04T19:07:48.8706059Z   run-id: 18248316474
test-pyinstaller-windows-package	Download PyInstaller Windows bundle	2025-10-04T19:07:48.8706675Z   github-token: ***
test-pyinstaller-windows-package	Download PyInstaller Windows bundle	2025-10-04T19:07:48.8707077Z   repository: magowiz/devildex
test-pyinstaller-windows-package	Download PyInstaller Windows bundle	2025-10-04T19:07:48.8707523Z   merge-multiple: false
test-pyinstaller-windows-package	Download PyInstaller Windows bundle	2025-10-04T19:07:48.8708187Z ##[endgroup]
test-pyinstaller-windows-package	Download PyInstaller Windows bundle	2025-10-04T19:07:49.1685991Z Downloading single artifact
test-pyinstaller-windows-package	Download PyInstaller Windows bundle	2025-10-04T19:07:49.3840320Z Preparing to download the following artifacts:
test-pyinstaller-windows-package	Download PyInstaller Windows bundle	2025-10-04T19:07:49.3852894Z - devildex-windows-bundle (ID: 4183106773, Size: 41613876, Expected Digest: sha256:4dbd24e49ab953f1393f27a5e4c826122265cae03763e3d0a04575b0bf262ef3)
test-pyinstaller-windows-package	Download PyInstaller Windows bundle	2025-10-04T19:07:49.3922154Z Downloading artifact '4183106773' from 'magowiz/devildex'
test-pyinstaller-windows-package	Download PyInstaller Windows bundle	2025-10-04T19:07:49.5252467Z Redirecting to blob download url: https://productionresultssa17.blob.core.windows.net/actions-results/61e04901-73d9-4d4f-a9f5-a05333483428/workflow-job-run-5c64235d-455b-5622-b869-867718c5fb46/artifacts/d84440b05c29639c0ab6c747f71cb17b29826f115e2511b3e46fa33518b10e72.zip
test-pyinstaller-windows-package	Download PyInstaller Windows bundle	2025-10-04T19:07:49.5257808Z Starting download of artifact to: D:\a\devildex\devildex\build\windows-latest
test-pyinstaller-windows-package	Download PyInstaller Windows bundle	2025-10-04T19:07:49.6734801Z (node:6540) [DEP0005] DeprecationWarning: Buffer() is deprecated due to security and usability issues. Please use the Buffer.alloc(), Buffer.allocUnsafe(), or Buffer.from() methods instead.
test-pyinstaller-windows-package	Download PyInstaller Windows bundle	2025-10-04T19:07:49.6740293Z (Use `node --trace-deprecation ...` to show where the warning was created)
test-pyinstaller-windows-package	Download PyInstaller Windows bundle	2025-10-04T19:07:50.4776591Z SHA256 digest of downloaded artifact is 4dbd24e49ab953f1393f27a5e4c826122265cae03763e3d0a04575b0bf262ef3
test-pyinstaller-windows-package	Download PyInstaller Windows bundle	2025-10-04T19:07:50.4780041Z Artifact download completed successfully.
test-pyinstaller-windows-package	Download PyInstaller Windows bundle	2025-10-04T19:07:50.4780402Z Total of 1 artifact(s) downloaded
test-pyinstaller-windows-package	Download PyInstaller Windows bundle	2025-10-04T19:07:50.4792537Z Download artifact has finished successfully
test-pyinstaller-windows-package	List downloaded files (PyInstaller Windows)	ï»¿2025-10-04T19:07:50.5129311Z ##[group]Run ls -R build/windows-latest/
test-pyinstaller-windows-package	List downloaded files (PyInstaller Windows)	2025-10-04T19:07:50.5129818Z [36;1mls -R build/windows-latest/[0m
test-pyinstaller-windows-package	List downloaded files (PyInstaller Windows)	2025-10-04T19:07:50.6113165Z shell: C:\Program Files\PowerShell\7\pwsh.EXE -command ". '{0}'"
test-pyinstaller-windows-package	List downloaded files (PyInstaller Windows)	2025-10-04T19:07:50.6113666Z ##[endgroup]
test-pyinstaller-windows-package	List downloaded files (PyInstaller Windows)	2025-10-04T19:08:00.1192932Z 
test-pyinstaller-windows-package	List downloaded files (PyInstaller Windows)	2025-10-04T19:08:00.1202883Z     Directory: D:\a\devildex\devildex\build\windows-latest
test-pyinstaller-windows-package	List downloaded files (PyInstaller Windows)	2025-10-04T19:08:00.1203418Z 
test-pyinstaller-windows-package	List downloaded files (PyInstaller Windows)	2025-10-04T19:08:00.1988463Z [32;1mMode   [0m[32;1m              LastWriteTime[0m[32;1m         Length[0m[32;1m Name[0m
test-pyinstaller-windows-package	List downloaded files (PyInstaller Windows)	2025-10-04T19:08:00.1989336Z [32;1m----   [0m [32;1m             -------------[0m [32;1m        ------[0m [32;1m----[0m
test-pyinstaller-windows-package	List downloaded files (PyInstaller Windows)	2025-10-04T19:08:00.2414049Z -a---           10/4/2025  7:07 PM       41913696 [32;1mdevildex_windows.exe[0m
test-pyinstaller-windows-package	List downloaded files (PyInstaller Windows)	2025-10-04T19:08:00.2593579Z 
test-pyinstaller-windows-package	Test Built Application (PyInstaller Windows)	ï»¿2025-10-04T19:08:00.5812885Z ##[group]Run $process = Start-Process -FilePath ".\build\windows-latest\devildex_windows.exe" -NoNewWindow -PassThru
test-pyinstaller-windows-package	Test Built Application (PyInstaller Windows)	2025-10-04T19:08:00.5813761Z [36;1m$process = Start-Process -FilePath ".\build\windows-latest\devildex_windows.exe" -NoNewWindow -PassThru[0m
test-pyinstaller-windows-package	Test Built Application (PyInstaller Windows)	2025-10-04T19:08:00.5814233Z [36;1mStart-Sleep -Seconds 30[0m
test-pyinstaller-windows-package	Test Built Application (PyInstaller Windows)	2025-10-04T19:08:00.5814473Z [36;1mif ($process.HasExited) {[0m
test-pyinstaller-windows-package	Test Built Application (PyInstaller Windows)	2025-10-04T19:08:00.5814749Z [36;1m    Write-Error "Application exited prematurely."[0m
test-pyinstaller-windows-package	Test Built Application (PyInstaller Windows)	2025-10-04T19:08:00.5815009Z [36;1m    exit 1[0m
test-pyinstaller-windows-package	Test Built Application (PyInstaller Windows)	2025-10-04T19:08:00.5815175Z [36;1m} else {[0m
test-pyinstaller-windows-package	Test Built Application (PyInstaller Windows)	2025-10-04T19:08:00.5815459Z [36;1m    Stop-Process -Id $process.Id -ErrorAction SilentlyContinue[0m
test-pyinstaller-windows-package	Test Built Application (PyInstaller Windows)	2025-10-04T19:08:00.5816023Z [36;1m    Write-Host "Application remained running for 30 seconds."[0m
test-pyinstaller-windows-package	Test Built Application (PyInstaller Windows)	2025-10-04T19:08:00.5816414Z [36;1m}[0m
test-pyinstaller-windows-package	Test Built Application (PyInstaller Windows)	2025-10-04T19:08:00.5880922Z shell: C:\Program Files\PowerShell\7\pwsh.EXE -command ". '{0}'"
test-pyinstaller-windows-package	Test Built Application (PyInstaller Windows)	2025-10-04T19:08:00.5881308Z ##[endgroup]
test-pyinstaller-windows-package	Test Built Application (PyInstaller Windows)	2025-10-04T19:08:03.4254745Z Traceback (most recent call last):
test-pyinstaller-windows-package	Test Built Application (PyInstaller Windows)	2025-10-04T19:08:03.4256717Z   File "main.py", line 17, in <module>
test-pyinstaller-windows-package	Test Built Application (PyInstaller Windows)	2025-10-04T19:08:03.4257183Z   File "pyimod02_importers.py", line 457, in exec_module
test-pyinstaller-windows-package	Test Built Application (PyInstaller Windows)	2025-10-04T19:08:03.4258743Z   File "devildex\core.py", line 16, in <module>
test-pyinstaller-windows-package	Test Built Application (PyInstaller Windows)	2025-10-04T19:08:03.4260884Z   File "pyimod02_importers.py", line 457, in exec_module
test-pyinstaller-windows-package	Test Built Application (PyInstaller Windows)	2025-10-04T19:08:03.4263365Z   File "devildex\database\__init__.py", line 3, in <module>
test-pyinstaller-windows-package	Test Built Application (PyInstaller Windows)	2025-10-04T19:08:03.4265848Z ModuleNotFoundError: No module named 'devildex.database.db_manager'
test-pyinstaller-windows-package	Test Built Application (PyInstaller Windows)	2025-10-04T19:08:03.4268235Z [PYI-2092:ERROR] Failed to execute script 'main' due to unhandled exception!
test-pyinstaller-windows-package	Test Built Application (PyInstaller Windows)	2025-10-04T19:08:32.1742379Z [31;1mWrite-Error: [31;1mApplication exited prematurely.[0m
test-pyinstaller-windows-package	Test Built Application (PyInstaller Windows)	2025-10-04T19:08:32.1950353Z ##[error]Process completed with exit code 1.
test-pyinstaller-windows-package	Complete job	ï»¿2025-10-04T19:08:32.2019484Z Cleaning up orphan processes
test-rpm-package	Set up job	ï»¿2025-10-04T19:07:48.0644637Z Current runner version: '2.328.0'
test-rpm-package	Set up job	2025-10-04T19:07:48.0668337Z ##[group]Runner Image Provisioner
test-rpm-package	Set up job	2025-10-04T19:07:48.0669271Z Hosted Compute Agent
test-rpm-package	Set up job	2025-10-04T19:07:48.0669816Z Version: 20250912.392
test-rpm-package	Set up job	2025-10-04T19:07:48.0670658Z Commit: d921fda672a98b64f4f82364647e2f10b2267d0b
test-rpm-package	Set up job	2025-10-04T19:07:48.0671438Z Build Date: 2025-09-12T15:23:14Z
test-rpm-package	Set up job	2025-10-04T19:07:48.0671997Z ##[endgroup]
test-rpm-package	Set up job	2025-10-04T19:07:48.0672498Z ##[group]Operating System
test-rpm-package	Set up job	2025-10-04T19:07:48.0673080Z Ubuntu
test-rpm-package	Set up job	2025-10-04T19:07:48.0673554Z 24.04.3
test-rpm-package	Set up job	2025-10-04T19:07:48.0674008Z LTS
test-rpm-package	Set up job	2025-10-04T19:07:48.0674502Z ##[endgroup]
test-rpm-package	Set up job	2025-10-04T19:07:48.0674982Z ##[group]Runner Image
test-rpm-package	Set up job	2025-10-04T19:07:48.0675471Z Image: ubuntu-24.04
test-rpm-package	Set up job	2025-10-04T19:07:48.0676338Z Version: 20250929.60.1
test-rpm-package	Set up job	2025-10-04T19:07:48.0677328Z Included Software: https://github.com/actions/runner-images/blob/ubuntu24/20250929.60/images/ubuntu/Ubuntu2404-Readme.md
test-rpm-package	Set up job	2025-10-04T19:07:48.0678714Z Image Release: https://github.com/actions/runner-images/releases/tag/ubuntu24%2F20250929.60
test-rpm-package	Set up job	2025-10-04T19:07:48.0679881Z ##[endgroup]
test-rpm-package	Set up job	2025-10-04T19:07:48.0682278Z ##[group]GITHUB_TOKEN Permissions
test-rpm-package	Set up job	2025-10-04T19:07:48.0684465Z Actions: write
test-rpm-package	Set up job	2025-10-04T19:07:48.0685030Z Attestations: write
test-rpm-package	Set up job	2025-10-04T19:07:48.0685769Z Checks: write
test-rpm-package	Set up job	2025-10-04T19:07:48.0686395Z Contents: write
test-rpm-package	Set up job	2025-10-04T19:07:48.0686868Z Deployments: write
test-rpm-package	Set up job	2025-10-04T19:07:48.0687443Z Discussions: write
test-rpm-package	Set up job	2025-10-04T19:07:48.0687963Z Issues: write
test-rpm-package	Set up job	2025-10-04T19:07:48.0688444Z Metadata: read
test-rpm-package	Set up job	2025-10-04T19:07:48.0688875Z Models: read
test-rpm-package	Set up job	2025-10-04T19:07:48.0689425Z Packages: write
test-rpm-package	Set up job	2025-10-04T19:07:48.0689920Z Pages: write
test-rpm-package	Set up job	2025-10-04T19:07:48.0690360Z PullRequests: write
test-rpm-package	Set up job	2025-10-04T19:07:48.0690981Z RepositoryProjects: write
test-rpm-package	Set up job	2025-10-04T19:07:48.0691506Z SecurityEvents: write
test-rpm-package	Set up job	2025-10-04T19:07:48.0692108Z Statuses: write
test-rpm-package	Set up job	2025-10-04T19:07:48.0692642Z ##[endgroup]
test-rpm-package	Set up job	2025-10-04T19:07:48.0694961Z Secret source: Actions
test-rpm-package	Set up job	2025-10-04T19:07:48.0696111Z Prepare workflow directory
test-rpm-package	Set up job	2025-10-04T19:07:48.1106752Z Prepare all required actions
test-rpm-package	Set up job	2025-10-04T19:07:48.1143283Z Getting action download info
test-rpm-package	Set up job	2025-10-04T19:07:48.4793154Z Download action repository 'actions/download-artifact@v4' (SHA:d3f86a106a0bac45b974a628896c90dbdf5c8093)
test-rpm-package	Set up job	2025-10-04T19:07:49.5343967Z Complete job name: test-rpm-package
test-rpm-package	Initialize containers	ï»¿2025-10-04T19:07:49.5898652Z ##[group]Checking docker version
test-rpm-package	Initialize containers	2025-10-04T19:07:49.5911854Z ##[command]/usr/bin/docker version --format '{{.Server.APIVersion}}'
test-rpm-package	Initialize containers	2025-10-04T19:07:49.6840439Z '1.48'
test-rpm-package	Initialize containers	2025-10-04T19:07:49.6853073Z Docker daemon API version: '1.48'
test-rpm-package	Initialize containers	2025-10-04T19:07:49.6853871Z ##[command]/usr/bin/docker version --format '{{.Client.APIVersion}}'
test-rpm-package	Initialize containers	2025-10-04T19:07:49.7105548Z '1.48'
test-rpm-package	Initialize containers	2025-10-04T19:07:49.7119392Z Docker client API version: '1.48'
test-rpm-package	Initialize containers	2025-10-04T19:07:49.7124446Z ##[endgroup]
test-rpm-package	Initialize containers	2025-10-04T19:07:49.7128284Z ##[group]Clean up resources from previous jobs
test-rpm-package	Initialize containers	2025-10-04T19:07:49.7133525Z ##[command]/usr/bin/docker ps --all --quiet --no-trunc --filter "label=480f43"
test-rpm-package	Initialize containers	2025-10-04T19:07:49.7268604Z ##[command]/usr/bin/docker network prune --force --filter "label=480f43"
test-rpm-package	Initialize containers	2025-10-04T19:07:49.7395960Z ##[endgroup]
test-rpm-package	Initialize containers	2025-10-04T19:07:49.7396488Z ##[group]Create local container network
test-rpm-package	Initialize containers	2025-10-04T19:07:49.7406489Z ##[command]/usr/bin/docker network create --label 480f43 github_network_f711754e945f4ffeb8a1e1a9060e8a33
test-rpm-package	Initialize containers	2025-10-04T19:07:49.7938346Z 67e9beefc12590ee100817aff9188ba14ea4cdf29c76286e7508b1f24393f469
test-rpm-package	Initialize containers	2025-10-04T19:07:49.7957086Z ##[endgroup]
test-rpm-package	Initialize containers	2025-10-04T19:07:49.7980345Z ##[group]Starting job container
test-rpm-package	Initialize containers	2025-10-04T19:07:49.8000013Z ##[command]/usr/bin/docker pull fedora:latest
test-rpm-package	Initialize containers	2025-10-04T19:07:50.7033683Z latest: Pulling from library/fedora
test-rpm-package	Initialize containers	2025-10-04T19:07:50.9361106Z c37b290149d2: Pulling fs layer
test-rpm-package	Initialize containers	2025-10-04T19:07:52.4047129Z c37b290149d2: Verifying Checksum
test-rpm-package	Initialize containers	2025-10-04T19:07:54.3065400Z c37b290149d2: Download complete
test-rpm-package	Initialize containers	2025-10-04T19:07:54.3066106Z c37b290149d2: Pull complete
test-rpm-package	Initialize containers	2025-10-04T19:07:54.3123433Z Digest: sha256:0c5ab5380e63cb322552d624d2c78b835f11b526cfd32e1d6f687d0c245f38ce
test-rpm-package	Initialize containers	2025-10-04T19:07:54.3144576Z Status: Downloaded newer image for fedora:latest
test-rpm-package	Initialize containers	2025-10-04T19:07:54.3158790Z docker.io/library/fedora:latest
test-rpm-package	Initialize containers	2025-10-04T19:07:54.3239490Z ##[command]/usr/bin/docker create --name c147d716f94b4f4ab1f7c1b0427aecef_fedoralatest_bd7ac2 --label 480f43 --workdir /__w/devildex/devildex --network github_network_f711754e945f4ffeb8a1e1a9060e8a33  -e "HOME=/github/home" -e GITHUB_ACTIONS=true -e CI=true -v "/var/run/docker.sock":"/var/run/docker.sock" -v "/home/runner/work":"/__w" -v "/home/runner/actions-runner/cached/externals":"/__e":ro -v "/home/runner/work/_temp":"/__w/_temp" -v "/home/runner/work/_actions":"/__w/_actions" -v "/opt/hostedtoolcache":"/__t" -v "/home/runner/work/_temp/_github_home":"/github/home" -v "/home/runner/work/_temp/_github_workflow":"/github/workflow" --entrypoint "tail" fedora:latest "-f" "/dev/null"
test-rpm-package	Initialize containers	2025-10-04T19:07:54.5830508Z 69c8b09359efdd91c303eb922b4a9d12fd74179f9e0fc2bdefc127b92b2e8c4b
test-rpm-package	Initialize containers	2025-10-04T19:07:54.5854433Z ##[command]/usr/bin/docker start 69c8b09359efdd91c303eb922b4a9d12fd74179f9e0fc2bdefc127b92b2e8c4b
test-rpm-package	Initialize containers	2025-10-04T19:07:54.7932375Z 69c8b09359efdd91c303eb922b4a9d12fd74179f9e0fc2bdefc127b92b2e8c4b
test-rpm-package	Initialize containers	2025-10-04T19:07:54.7951229Z ##[command]/usr/bin/docker ps --all --filter id=69c8b09359efdd91c303eb922b4a9d12fd74179f9e0fc2bdefc127b92b2e8c4b --filter status=running --no-trunc --format "{{.ID}} {{.Status}}"
test-rpm-package	Initialize containers	2025-10-04T19:07:54.8060745Z 69c8b09359efdd91c303eb922b4a9d12fd74179f9e0fc2bdefc127b92b2e8c4b Up Less than a second
test-rpm-package	Initialize containers	2025-10-04T19:07:54.8079580Z ##[command]/usr/bin/docker inspect --format "{{range .Config.Env}}{{println .}}{{end}}" 69c8b09359efdd91c303eb922b4a9d12fd74179f9e0fc2bdefc127b92b2e8c4b
test-rpm-package	Initialize containers	2025-10-04T19:07:54.8188172Z HOME=/github/home
test-rpm-package	Initialize containers	2025-10-04T19:07:54.8188669Z GITHUB_ACTIONS=true
test-rpm-package	Initialize containers	2025-10-04T19:07:54.8189096Z CI=true
test-rpm-package	Initialize containers	2025-10-04T19:07:54.8189614Z PATH=/usr/local/sbin:/usr/local/bin:/usr/sbin:/usr/bin:/sbin:/bin
test-rpm-package	Initialize containers	2025-10-04T19:07:54.8190225Z DISTTAG=f42container
test-rpm-package	Initialize containers	2025-10-04T19:07:54.8190837Z FGC=f42
test-rpm-package	Initialize containers	2025-10-04T19:07:54.8191296Z FBR=f42
test-rpm-package	Initialize containers	2025-10-04T19:07:54.8207844Z ##[endgroup]
test-rpm-package	Initialize containers	2025-10-04T19:07:54.8217031Z ##[group]Waiting for all services to be ready
test-rpm-package	Initialize containers	2025-10-04T19:07:54.8219073Z ##[endgroup]
test-rpm-package	Download RPM package	ï»¿2025-10-04T19:07:54.8457887Z ##[group]Run actions/download-artifact@v4
test-rpm-package	Download RPM package	2025-10-04T19:07:54.8458535Z with:
test-rpm-package	Download RPM package	2025-10-04T19:07:54.8458785Z   name: devildex-rpm-package
test-rpm-package	Download RPM package	2025-10-04T19:07:54.8459059Z   path: build/rpm/
test-rpm-package	Download RPM package	2025-10-04T19:07:54.8459291Z   run-id: 18248316474
test-rpm-package	Download RPM package	2025-10-04T19:07:54.8460002Z   github-token: ***
test-rpm-package	Download RPM package	2025-10-04T19:07:54.8460257Z   repository: magowiz/devildex
test-rpm-package	Download RPM package	2025-10-04T19:07:54.8460529Z   merge-multiple: false
test-rpm-package	Download RPM package	2025-10-04T19:07:54.8460971Z ##[endgroup]
test-rpm-package	Download RPM package	2025-10-04T19:07:54.8514564Z ##[command]/usr/bin/docker exec  69c8b09359efdd91c303eb922b4a9d12fd74179f9e0fc2bdefc127b92b2e8c4b sh -c "cat /etc/*release | grep ^ID"
test-rpm-package	Download RPM package	2025-10-04T19:07:55.1424707Z Downloading single artifact
test-rpm-package	Download RPM package	2025-10-04T19:07:55.4358874Z Preparing to download the following artifacts:
test-rpm-package	Download RPM package	2025-10-04T19:07:55.4359766Z - devildex-rpm-package (ID: 4183103181, Size: 5014498, Expected Digest: sha256:458a97a000d6034e618b6ca28550a343d1239d91d69519c005d4cc7181b91a3a)
test-rpm-package	Download RPM package	2025-10-04T19:07:55.4423885Z Downloading artifact '4183103181' from 'magowiz/devildex'
test-rpm-package	Download RPM package	2025-10-04T19:07:55.5788019Z Redirecting to blob download url: https://productionresultssa17.blob.core.windows.net/actions-results/61e04901-73d9-4d4f-a9f5-a05333483428/workflow-job-run-c3a6ef6e-883d-5da0-9590-fc7befc5e5d4/artifacts/e45a27447bf8bfeb14059511c82ffaae8f17f3abad11be12f2814b1f57a2c5f6.zip
test-rpm-package	Download RPM package	2025-10-04T19:07:55.5790762Z Starting download of artifact to: /__w/devildex/devildex/build/rpm
test-rpm-package	Download RPM package	2025-10-04T19:07:55.8948516Z (node:15) [DEP0005] DeprecationWarning: Buffer() is deprecated due to security and usability issues. Please use the Buffer.alloc(), Buffer.allocUnsafe(), or Buffer.from() methods instead.
test-rpm-package	Download RPM package	2025-10-04T19:07:55.8950571Z (Use `node --trace-deprecation ...` to show where the warning was created)
test-rpm-package	Download RPM package	2025-10-04T19:07:56.8287045Z SHA256 digest of downloaded artifact is 458a97a000d6034e618b6ca28550a343d1239d91d69519c005d4cc7181b91a3a
test-rpm-package	Download RPM package	2025-10-04T19:07:56.8287623Z Artifact download completed successfully.
test-rpm-package	Download RPM package	2025-10-04T19:07:56.8287920Z Total of 1 artifact(s) downloaded
test-rpm-package	Download RPM package	2025-10-04T19:07:56.8294115Z Download artifact has finished successfully
test-rpm-package	List downloaded files (RPM)	ï»¿2025-10-04T19:07:56.8480421Z ##[group]Run ls -R build/rpm/
test-rpm-package	List downloaded files (RPM)	2025-10-04T19:07:56.8480741Z [36;1mls -R build/rpm/[0m
test-rpm-package	List downloaded files (RPM)	2025-10-04T19:07:56.8484121Z shell: sh -e {0}
test-rpm-package	List downloaded files (RPM)	2025-10-04T19:07:56.8484346Z ##[endgroup]
test-rpm-package	List downloaded files (RPM)	2025-10-04T19:07:56.9037357Z build/rpm/:
test-rpm-package	List downloaded files (RPM)	2025-10-04T19:07:56.9037673Z devildex-0.2.1-1.fc42.x86_64.rpm
test-rpm-package	Test Built Application (RPM)	ï»¿2025-10-04T19:07:56.9100330Z ##[group]Run sudo dnf install -y ./build/rpm/*.rpm
test-rpm-package	Test Built Application (RPM)	2025-10-04T19:07:56.9100741Z [36;1msudo dnf install -y ./build/rpm/*.rpm[0m
test-rpm-package	Test Built Application (RPM)	2025-10-04T19:07:56.9101005Z [36;1mdevildex &[0m
test-rpm-package	Test Built Application (RPM)	2025-10-04T19:07:56.9101191Z [36;1mPID=$![0m
test-rpm-package	Test Built Application (RPM)	2025-10-04T19:07:56.9101358Z [36;1msleep 30[0m
test-rpm-package	Test Built Application (RPM)	2025-10-04T19:07:56.9101559Z [36;1mif ps -p $PID > /dev/null; then[0m
test-rpm-package	Test Built Application (RPM)	2025-10-04T19:07:56.9101801Z [36;1m    kill $PID[0m
test-rpm-package	Test Built Application (RPM)	2025-10-04T19:07:56.9102066Z [36;1m    echo "Application remained running for 30 seconds."[0m
test-rpm-package	Test Built Application (RPM)	2025-10-04T19:07:56.9102354Z [36;1melse[0m
test-rpm-package	Test Built Application (RPM)	2025-10-04T19:07:56.9102553Z [36;1m    echo "Application exited prematurely."[0m
test-rpm-package	Test Built Application (RPM)	2025-10-04T19:07:56.9102829Z [36;1m    exit 1[0m
test-rpm-package	Test Built Application (RPM)	2025-10-04T19:07:56.9103017Z [36;1mfi[0m
test-rpm-package	Test Built Application (RPM)	2025-10-04T19:07:56.9103311Z shell: sh -e {0}
test-rpm-package	Test Built Application (RPM)	2025-10-04T19:07:56.9103486Z ##[endgroup]
test-rpm-package	Test Built Application (RPM)	2025-10-04T19:07:57.0023442Z Updating and loading repositories:
test-rpm-package	Test Built Application (RPM)	2025-10-04T19:07:59.6327987Z  Fedora 42 - x86_64 - Updates           100% |   8.1 MiB/s |  18.4 MiB |  00m02s
test-rpm-package	Test Built Application (RPM)	2025-10-04T19:07:59.7180471Z  Fedora 42 openh264 (From Cisco) - x86_ 100% |   2.8 KiB/s |   5.8 KiB |  00m02s
test-rpm-package	Test Built Application (RPM)	2025-10-04T19:08:00.3160115Z  Fedora 42 - x86_64                     100% |  10.7 MiB/s |  35.4 MiB |  00m03s
test-rpm-package	Test Built Application (RPM)	2025-10-04T19:08:03.7700704Z Repositories loaded.
test-rpm-package	Test Built Application (RPM)	2025-10-04T19:08:05.0749611Z Failed to resolve the transaction:
test-rpm-package	Test Built Application (RPM)	2025-10-04T19:08:05.0750199Z Problem: conflicting requests
test-rpm-package	Test Built Application (RPM)	2025-10-04T19:08:05.0751211Z   - nothing provides (python3.13dist(fastapi) < 0.117~~ with python3.13dist(fastapi) >= 0.116.1) needed by devildex-0.2.1-1.fc42.x86_64 from @commandline
test-rpm-package	Test Built Application (RPM)	2025-10-04T19:08:05.0752725Z   - nothing provides (python3.13dist(fastmcp) < 3~~ with python3.13dist(fastmcp) >= 2.12.2) needed by devildex-0.2.1-1.fc42.x86_64 from @commandline
test-rpm-package	Test Built Application (RPM)	2025-10-04T19:08:05.0754355Z   - nothing provides (python3.13dist(markdownify) < 2~~ with python3.13dist(markdownify) >= 1.2) needed by devildex-0.2.1-1.fc42.x86_64 from @commandline
test-rpm-package	Test Built Application (RPM)	2025-10-04T19:08:05.0756088Z   - nothing provides (python3.13dist(pdoc3) < 0.12~~ with python3.13dist(pdoc3) >= 0.11.6) needed by devildex-0.2.1-1.fc42.x86_64 from @commandline
test-rpm-package	Test Built Application (RPM)	2025-10-04T19:08:05.0757902Z   - nothing provides (python3.13dist(poetry-core) < 3~~ with python3.13dist(poetry-core) >= 2) needed by devildex-0.2.1-1.fc42.x86_64 from @commandline
test-rpm-package	Test Built Application (RPM)	2025-10-04T19:08:05.0759791Z   - nothing provides (python3.13dist(pydoctor) < 26~~ with python3.13dist(pydoctor) >= 25.4) needed by devildex-0.2.1-1.fc42.x86_64 from @commandline
test-rpm-package	Test Built Application (RPM)	2025-10-04T19:08:05.0761462Z   - nothing provides (python3.13dist(pyinstaller) < 7~~ with python3.13dist(pyinstaller) >= 6.16) needed by devildex-0.2.1-1.fc42.x86_64 from @commandline
test-rpm-package	Test Built Application (RPM)	2025-10-04T19:08:05.0762491Z You can try to add to command line:
test-rpm-package	Test Built Application (RPM)	2025-10-04T19:08:05.0762967Z   --skip-broken to skip uninstallable packages
test-rpm-package	Test Built Application (RPM)	2025-10-04T19:08:05.0996276Z ##[error]Process completed with exit code 1.
test-rpm-package	Stop containers	ï»¿2025-10-04T19:08:05.1040475Z Stop and remove container: c147d716f94b4f4ab1f7c1b0427aecef_fedoralatest_bd7ac2
test-rpm-package	Stop containers	2025-10-04T19:08:05.1044646Z ##[command]/usr/bin/docker rm --force 69c8b09359efdd91c303eb922b4a9d12fd74179f9e0fc2bdefc127b92b2e8c4b
test-rpm-package	Stop containers	2025-10-04T19:08:05.2241230Z 69c8b09359efdd91c303eb922b4a9d12fd74179f9e0fc2bdefc127b92b2e8c4b
test-rpm-package	Stop containers	2025-10-04T19:08:05.2268580Z Remove container network: github_network_f711754e945f4ffeb8a1e1a9060e8a33
test-rpm-package	Stop containers	2025-10-04T19:08:05.2273242Z ##[command]/usr/bin/docker network rm github_network_f711754e945f4ffeb8a1e1a9060e8a33
test-rpm-package	Stop containers	2025-10-04T19:08:05.3739299Z github_network_f711754e945f4ffeb8a1e1a9060e8a33
test-rpm-package	Complete job	ï»¿2025-10-04T19:08:05.3796552Z Cleaning up orphan processes
